2026-01-12 18:52:14.667 [restartedMain] INFO  com.ldz.park.ParkApplication - Starting ParkApplication using Java 21.0.2 with PID 17600 (G:\个人项目\2023年\park\target\classes started by Administrator in G:\个人项目\2023年\park)
2026-01-12 18:52:14.756 [restartedMain] INFO  com.ldz.park.ParkApplication - The following 1 profile is active: "dev"
2026-01-12 18:52:14.898 [restartedMain] INFO  o.s.b.d.e.DevToolsPropertyDefaultsPostProcessor - Devtools property defaults active! Set 'spring.devtools.add-properties' to 'false' to disable
2026-01-12 18:52:14.899 [restartedMain] INFO  o.s.b.d.e.DevToolsPropertyDefaultsPostProcessor - For additional web related logging consider setting the 'logging.level.web' property to 'DEBUG'
2026-01-12 18:52:18.307 [restartedMain] INFO  o.s.d.r.c.RepositoryConfigurationDelegate - Multiple Spring Data modules found, entering strict repository configuration mode
2026-01-12 18:52:18.311 [restartedMain] INFO  o.s.d.r.c.RepositoryConfigurationDelegate - Bootstrapping Spring Data Redis repositories in DEFAULT mode.
2026-01-12 18:52:18.372 [restartedMain] INFO  o.s.d.r.c.RepositoryConfigurationDelegate - Finished Spring Data repository scanning in 32 ms. Found 0 Redis repository interfaces.
2026-01-12 18:52:21.112 [restartedMain] INFO  o.s.b.w.e.j.JettyServletWebServerFactory - Server initialized with port: 3429
2026-01-12 18:52:21.125 [restartedMain] INFO  org.eclipse.jetty.server.Server - jetty-12.0.6; built: 2024-01-30T02:43:24.387Z; git: 78ab6e6ba163f89cdd97f2ae0283fbb5e371cfaf; jvm 21.0.2+13-LTS-58
2026-01-12 18:52:21.236 [restartedMain] INFO  o.e.j.s.h.ContextHandler.application - Initializing Spring embedded WebApplicationContext
2026-01-12 18:52:21.239 [restartedMain] INFO  o.s.b.w.s.c.ServletWebServerApplicationContext - Root WebApplicationContext: initialization completed in 6338 ms
2026-01-12 18:52:21.519 [restartedMain] INFO  o.e.j.s.DefaultSessionIdManager - Session workerName=node0
2026-01-12 18:52:21.584 [restartedMain] INFO  o.e.j.server.handler.ContextHandler - Started osbwej.JettyEmbeddedWebAppContext@3f8c7486{application,/,b=[file:/C:/Users/Administrator/AppData/Local/Temp/jetty-docbase.3429.17947741466837091741/, jar:file:///E:/maven/apache-maven-3.9.7/resp/org/webjars/swagger-ui/5.10.3/swagger-ui-5.10.3.jar!/META-INF/resources/],a=AVAILABLE,h=oeje10s.SessionHandler@2eea91d3{STARTED}}
2026-01-12 18:52:21.586 [restartedMain] INFO  o.e.j.e.s.ServletContextHandler - Started osbwej.JettyEmbeddedWebAppContext@3f8c7486{application,/,b=[file:/C:/Users/Administrator/AppData/Local/Temp/jetty-docbase.3429.17947741466837091741/, jar:file:///E:/maven/apache-maven-3.9.7/resp/org/webjars/swagger-ui/5.10.3/swagger-ui-5.10.3.jar!/META-INF/resources/],a=AVAILABLE,h=oeje10s.SessionHandler@2eea91d3{STARTED}}
2026-01-12 18:52:21.591 [restartedMain] INFO  org.eclipse.jetty.server.Server - Started oejs.Server@62e6eaf5{STARTING}[12.0.6,sto=0] @16327ms
2026-01-12 18:52:21.900 [restartedMain] INFO  com.zaxxer.hikari.HikariDataSource - ServerHikariCP - Starting...
2026-01-12 18:52:42.089 [restartedMain] INFO  org.eclipse.jetty.server.Server - Stopped oejs.Server@62e6eaf5{STOPPING}[12.0.6,sto=0]
2026-01-12 18:52:42.095 [restartedMain] INFO  o.e.j.e.s.ServletContextHandler - Stopped osbwej.JettyEmbeddedWebAppContext@3f8c7486{application,/,b=[file:/C:/Users/Administrator/AppData/Local/Temp/jetty-docbase.3429.17947741466837091741/, jar:file:///E:/maven/apache-maven-3.9.7/resp/org/webjars/swagger-ui/5.10.3/swagger-ui-5.10.3.jar!/META-INF/resources/],a=AVAILABLE,h=oeje10s.SessionHandler@2eea91d3{STOPPED}}
2026-01-12 18:52:42.417 [restartedMain] INFO  o.s.b.a.l.ConditionEvaluationReportLogger - 

Error starting ApplicationContext. To display the condition evaluation report re-run your application with 'debug' enabled.
2026-01-12 19:05:37.276 [restartedMain] INFO  com.ldz.park.ParkApplication - Starting ParkApplication using Java 21.0.2 with PID 16068 (G:\个人项目\2023年\park\target\classes started by Administrator in G:\个人项目\2023年\park)
2026-01-12 19:05:37.279 [restartedMain] INFO  com.ldz.park.ParkApplication - The following 1 profile is active: "dev"
2026-01-12 19:05:37.370 [restartedMain] INFO  o.s.b.d.e.DevToolsPropertyDefaultsPostProcessor - Devtools property defaults active! Set 'spring.devtools.add-properties' to 'false' to disable
2026-01-12 19:05:37.370 [restartedMain] INFO  o.s.b.d.e.DevToolsPropertyDefaultsPostProcessor - For additional web related logging consider setting the 'logging.level.web' property to 'DEBUG'
2026-01-12 19:05:38.923 [restartedMain] INFO  o.s.d.r.c.RepositoryConfigurationDelegate - Multiple Spring Data modules found, entering strict repository configuration mode
2026-01-12 19:05:38.928 [restartedMain] INFO  o.s.d.r.c.RepositoryConfigurationDelegate - Bootstrapping Spring Data Redis repositories in DEFAULT mode.
2026-01-12 19:05:38.995 [restartedMain] INFO  o.s.d.r.c.RepositoryConfigurationDelegate - Finished Spring Data repository scanning in 39 ms. Found 0 Redis repository interfaces.
2026-01-12 19:05:41.515 [restartedMain] INFO  o.s.b.w.e.j.JettyServletWebServerFactory - Server initialized with port: 3429
2026-01-12 19:05:41.519 [restartedMain] INFO  org.eclipse.jetty.server.Server - jetty-12.0.6; built: 2024-01-30T02:43:24.387Z; git: 78ab6e6ba163f89cdd97f2ae0283fbb5e371cfaf; jvm 21.0.2+13-LTS-58
2026-01-12 19:05:41.567 [restartedMain] INFO  o.e.j.s.h.ContextHandler.application - Initializing Spring embedded WebApplicationContext
2026-01-12 19:05:41.568 [restartedMain] INFO  o.s.b.w.s.c.ServletWebServerApplicationContext - Root WebApplicationContext: initialization completed in 4198 ms
2026-01-12 19:05:41.705 [restartedMain] INFO  o.e.j.s.DefaultSessionIdManager - Session workerName=node0
2026-01-12 19:05:41.724 [restartedMain] INFO  o.e.j.server.handler.ContextHandler - Started osbwej.JettyEmbeddedWebAppContext@527a6be2{application,/,b=[file:/C:/Users/Administrator/AppData/Local/Temp/jetty-docbase.3429.1536524199740507775/, jar:file:///E:/maven/apache-maven-3.9.7/resp/org/webjars/swagger-ui/5.10.3/swagger-ui-5.10.3.jar!/META-INF/resources/],a=AVAILABLE,h=oeje10s.SessionHandler@78473d5f{STARTED}}
2026-01-12 19:05:41.726 [restartedMain] INFO  o.e.j.e.s.ServletContextHandler - Started osbwej.JettyEmbeddedWebAppContext@527a6be2{application,/,b=[file:/C:/Users/Administrator/AppData/Local/Temp/jetty-docbase.3429.1536524199740507775/, jar:file:///E:/maven/apache-maven-3.9.7/resp/org/webjars/swagger-ui/5.10.3/swagger-ui-5.10.3.jar!/META-INF/resources/],a=AVAILABLE,h=oeje10s.SessionHandler@78473d5f{STARTED}}
2026-01-12 19:05:41.741 [restartedMain] INFO  org.eclipse.jetty.server.Server - Started oejs.Server@4aaae72f{STARTING}[12.0.6,sto=0] @7839ms
2026-01-12 19:05:41.876 [restartedMain] INFO  com.zaxxer.hikari.HikariDataSource - ServerHikariCP - Starting...
2026-01-12 19:05:45.293 [restartedMain] INFO  com.zaxxer.hikari.pool.HikariPool - ServerHikariCP - Added connection com.mysql.cj.jdbc.ConnectionImpl@56a5e19a
2026-01-12 19:05:45.298 [restartedMain] INFO  com.zaxxer.hikari.HikariDataSource - ServerHikariCP - Start completed.
2026-01-12 19:05:51.321 [restartedMain] INFO  o.s.b.d.a.OptionalLiveReloadServer - LiveReload server is running on port 35729
2026-01-12 19:05:51.366 [restartedMain] INFO  o.e.j.s.h.ContextHandler.application - Initializing Spring DispatcherServlet 'dispatcherServlet'
2026-01-12 19:05:51.367 [restartedMain] INFO  o.s.web.servlet.DispatcherServlet - Initializing Servlet 'dispatcherServlet'
2026-01-12 19:05:51.373 [restartedMain] INFO  o.s.web.servlet.DispatcherServlet - Completed initialization in 5 ms
2026-01-12 19:05:51.534 [restartedMain] INFO  o.e.jetty.server.AbstractConnector - Started ServerConnector@2f6052ca{HTTP/1.1, (http/1.1)}{0.0.0.0:3429}
2026-01-12 19:05:51.537 [restartedMain] INFO  o.s.b.w.e.jetty.JettyWebServer - Jetty started on port 3429 (http/1.1) with context path '/'
2026-01-12 19:05:51.601 [restartedMain] INFO  com.ldz.park.ParkApplication - Started ParkApplication in 15.407 seconds (process running for 17.7)
