2025-12-29 19:27:52.447 [restartedMain] INFO  com.ldz.park.ParkApplication - Starting ParkApplication using Java 21.0.2 with PID 8808 (G:\个人项目\2023年\park\target\classes started by Administrator in G:\个人项目\2023年\park)
2025-12-29 19:27:52.480 [restartedMain] INFO  com.ldz.park.ParkApplication - The following 1 profile is active: "dev"
2025-12-29 19:27:52.604 [restartedMain] INFO  o.s.b.d.e.DevToolsPropertyDefaultsPostProcessor - Devtools property defaults active! Set 'spring.devtools.add-properties' to 'false' to disable
2025-12-29 19:27:52.604 [restartedMain] INFO  o.s.b.d.e.DevToolsPropertyDefaultsPostProcessor - For additional web related logging consider setting the 'logging.level.web' property to 'DEBUG'
2025-12-29 19:27:56.660 [restartedMain] INFO  o.s.d.r.c.RepositoryConfigurationDelegate - Multiple Spring Data modules found, entering strict repository configuration mode
2025-12-29 19:27:56.665 [restartedMain] INFO  o.s.d.r.c.RepositoryConfigurationDelegate - Bootstrapping Spring Data Redis repositories in DEFAULT mode.
2025-12-29 19:27:56.847 [restartedMain] INFO  o.s.d.r.c.RepositoryConfigurationDelegate - Finished Spring Data repository scanning in 48 ms. Found 0 Redis repository interfaces.
2025-12-29 19:27:59.154 [restartedMain] INFO  o.s.b.w.e.tomcat.TomcatWebServer - Tomcat initialized with port 3429 (http)
2025-12-29 19:27:59.167 [restartedMain] INFO  o.a.coyote.http11.Http11NioProtocol - Initializing ProtocolHandler ["http-nio-3429"]
2025-12-29 19:27:59.169 [restartedMain] INFO  o.a.catalina.core.StandardService - Starting service [Tomcat]
2025-12-29 19:27:59.170 [restartedMain] INFO  o.a.catalina.core.StandardEngine - Starting Servlet engine: [Apache Tomcat/10.1.19]
2025-12-29 19:27:59.275 [restartedMain] INFO  o.a.c.c.C.[Tomcat].[localhost].[/] - Initializing Spring embedded WebApplicationContext
2025-12-29 19:27:59.276 [restartedMain] INFO  o.s.b.w.s.c.ServletWebServerApplicationContext - Root WebApplicationContext: initialization completed in 6670 ms
2025-12-29 19:27:59.542 [restartedMain] INFO  com.zaxxer.hikari.HikariDataSource - ServerHikariCP - Starting...
2025-12-29 19:28:00.048 [restartedMain] INFO  com.zaxxer.hikari.pool.HikariPool - ServerHikariCP - Added connection com.mysql.cj.jdbc.ConnectionImpl@341380e1
2025-12-29 19:28:00.051 [restartedMain] INFO  com.zaxxer.hikari.HikariDataSource - ServerHikariCP - Start completed.
2025-12-29 19:28:02.514 [restartedMain] INFO  o.s.b.d.a.OptionalLiveReloadServer - LiveReload server is running on port 35729
2025-12-29 19:28:02.543 [restartedMain] INFO  o.a.coyote.http11.Http11NioProtocol - Starting ProtocolHandler ["http-nio-3429"]
2025-12-29 19:28:02.599 [restartedMain] INFO  o.s.b.w.e.tomcat.TomcatWebServer - Tomcat started on port 3429 (http) with context path ''
2025-12-29 19:28:02.610 [restartedMain] INFO  com.ldz.park.ParkApplication - Started ParkApplication in 11.528 seconds (process running for 18.421)
