2026-01-13 09:11:21.450 [qtp948665420-37] INFO  o.s.api.AbstractOpenApiResource - Init duration for springdoc-openapi is: 3723 ms
2026-01-13 09:19:59.061 [SpringApplicationShutdownHook] INFO  o.e.jetty.server.AbstractConnector - Stopped ServerConnector@2f6052ca{HTTP/1.1, (http/1.1)}{0.0.0.0:3429}
2026-01-13 09:19:59.241 [SpringApplicationShutdownHook] INFO  com.zaxxer.hikari.HikariDataSource - ServerHikariCP - Shutdown initiated...
2026-01-13 09:19:59.245 [SpringApplicationShutdownHook] INFO  com.zaxxer.hikari.HikariDataSource - ServerHikariCP - Shutdown completed.
2026-01-13 09:19:59.247 [SpringApplicationShutdownHook] INFO  org.eclipse.jetty.server.Server - Stopped oejs.Server@4aaae72f{STOPPING}[12.0.6,sto=0]
2026-01-13 09:19:59.299 [SpringApplicationShutdownHook] INFO  o.e.j.s.h.ContextHandler.application - Destroying Spring FrameworkServlet 'dispatcherServlet'
2026-01-13 09:19:59.338 [SpringApplicationShutdownHook] INFO  o.e.j.e.s.ServletContextHandler - Stopped osbwej.JettyEmbeddedWebAppContext@527a6be2{application,/,b=[file:/C:/Users/Administrator/AppData/Local/Temp/jetty-docbase.3429.1536524199740507775/, jar:file:///E:/maven/apache-maven-3.9.7/resp/org/webjars/swagger-ui/5.10.3/swagger-ui-5.10.3.jar!/META-INF/resources/],a=AVAILABLE,h=oeje10s.SessionHandler@78473d5f{STOPPED}}
2026-01-13 11:46:01.036 [restartedMain] INFO  com.ldz.park.ParkApplication - Starting ParkApplication using Java 21.0.2 with PID 17280 (G:\个人项目\2023年\park\target\classes started by Administrator in G:\个人项目\2023年\park)
2026-01-13 11:46:01.109 [restartedMain] INFO  com.ldz.park.ParkApplication - The following 1 profile is active: "dev"
2026-01-13 11:46:01.646 [restartedMain] INFO  o.s.b.d.e.DevToolsPropertyDefaultsPostProcessor - Devtools property defaults active! Set 'spring.devtools.add-properties' to 'false' to disable
2026-01-13 11:46:01.646 [restartedMain] INFO  o.s.b.d.e.DevToolsPropertyDefaultsPostProcessor - For additional web related logging consider setting the 'logging.level.web' property to 'DEBUG'
2026-01-13 11:46:09.737 [restartedMain] INFO  o.s.d.r.c.RepositoryConfigurationDelegate - Multiple Spring Data modules found, entering strict repository configuration mode
2026-01-13 11:46:09.743 [restartedMain] INFO  o.s.d.r.c.RepositoryConfigurationDelegate - Bootstrapping Spring Data Redis repositories in DEFAULT mode.
2026-01-13 11:46:09.867 [restartedMain] INFO  o.s.d.r.c.RepositoryConfigurationDelegate - Finished Spring Data repository scanning in 71 ms. Found 0 Redis repository interfaces.
2026-01-13 11:46:15.243 [restartedMain] INFO  o.s.b.w.e.j.JettyServletWebServerFactory - Server initialized with port: 3429
2026-01-13 11:46:15.309 [restartedMain] INFO  org.eclipse.jetty.server.Server - jetty-12.0.6; built: 2024-01-30T02:43:24.387Z; git: 78ab6e6ba163f89cdd97f2ae0283fbb5e371cfaf; jvm 21.0.2+13-LTS-58
2026-01-13 11:46:15.424 [restartedMain] INFO  o.e.j.s.h.ContextHandler.application - Initializing Spring embedded WebApplicationContext
2026-01-13 11:46:15.425 [restartedMain] INFO  o.s.b.w.s.c.ServletWebServerApplicationContext - Root WebApplicationContext: initialization completed in 13778 ms
2026-01-13 11:46:15.744 [restartedMain] INFO  o.e.j.s.DefaultSessionIdManager - Session workerName=node0
2026-01-13 11:46:15.757 [restartedMain] INFO  o.e.j.server.handler.ContextHandler - Started osbwej.JettyEmbeddedWebAppContext@50eca729{application,/,b=[file:/C:/Users/Administrator/AppData/Local/Temp/jetty-docbase.3429.15088806331067180786/, jar:file:///E:/maven/apache-maven-3.9.7/resp/org/webjars/swagger-ui/5.10.3/swagger-ui-5.10.3.jar!/META-INF/resources/],a=AVAILABLE,h=oeje10s.SessionHandler@5bcc48bc{STARTED}}
2026-01-13 11:46:15.758 [restartedMain] INFO  o.e.j.e.s.ServletContextHandler - Started osbwej.JettyEmbeddedWebAppContext@50eca729{application,/,b=[file:/C:/Users/Administrator/AppData/Local/Temp/jetty-docbase.3429.15088806331067180786/, jar:file:///E:/maven/apache-maven-3.9.7/resp/org/webjars/swagger-ui/5.10.3/swagger-ui-5.10.3.jar!/META-INF/resources/],a=AVAILABLE,h=oeje10s.SessionHandler@5bcc48bc{STARTED}}
2026-01-13 11:46:15.762 [restartedMain] INFO  org.eclipse.jetty.server.Server - Started oejs.Server@63544352{STARTING}[12.0.6,sto=0] @32039ms
2026-01-13 11:46:16.013 [restartedMain] INFO  com.zaxxer.hikari.HikariDataSource - ServerHikariCP - Starting...
2026-01-13 11:46:19.746 [restartedMain] INFO  com.zaxxer.hikari.pool.HikariPool - ServerHikariCP - Added connection com.mysql.cj.jdbc.ConnectionImpl@3bb338ac
2026-01-13 11:46:19.747 [restartedMain] INFO  com.zaxxer.hikari.HikariDataSource - ServerHikariCP - Start completed.
2026-01-13 11:46:29.284 [restartedMain] INFO  o.s.b.d.a.OptionalLiveReloadServer - LiveReload server is running on port 35729
2026-01-13 11:46:29.359 [restartedMain] INFO  o.e.j.s.h.ContextHandler.application - Initializing Spring DispatcherServlet 'dispatcherServlet'
2026-01-13 11:46:29.360 [restartedMain] INFO  o.s.web.servlet.DispatcherServlet - Initializing Servlet 'dispatcherServlet'
2026-01-13 11:46:29.362 [restartedMain] INFO  o.s.web.servlet.DispatcherServlet - Completed initialization in 2 ms
2026-01-13 11:46:29.447 [restartedMain] INFO  o.e.jetty.server.AbstractConnector - Started ServerConnector@148e94e{HTTP/1.1, (http/1.1)}{0.0.0.0:3429}
2026-01-13 11:46:29.451 [restartedMain] INFO  o.s.b.w.e.jetty.JettyWebServer - Jetty started on port 3429 (http/1.1) with context path '/'
2026-01-13 11:46:29.467 [restartedMain] INFO  com.ldz.park.ParkApplication - Started ParkApplication in 34.216 seconds (process running for 45.745)
2026-01-13 11:56:50.087 [qtp1892072060-35] INFO  o.s.api.AbstractOpenApiResource - Init duration for springdoc-openapi is: 1740 ms
