2025-12-18 14:17:23.704 [restartedMain] INFO  com.ldz.park.ParkApplication - Starting ParkApplication using Java 21.0.2 with PID 19672 (G:\个人项目\2023年\park\target\classes started by Administrator in G:\个人项目\2023年\park)
2025-12-18 14:17:23.719 [restartedMain] INFO  com.ldz.park.ParkApplication - The following 1 profile is active: "dev"
2025-12-18 14:17:23.797 [restartedMain] INFO  o.s.b.d.e.DevToolsPropertyDefaultsPostProcessor - Devtools property defaults active! Set 'spring.devtools.add-properties' to 'false' to disable
2025-12-18 14:17:23.798 [restartedMain] INFO  o.s.b.d.e.DevToolsPropertyDefaultsPostProcessor - For additional web related logging consider setting the 'logging.level.web' property to 'DEBUG'
2025-12-18 14:17:25.180 [restartedMain] INFO  o.s.d.r.c.RepositoryConfigurationDelegate - Multiple Spring Data modules found, entering strict repository configuration mode
2025-12-18 14:17:25.185 [restartedMain] INFO  o.s.d.r.c.RepositoryConfigurationDelegate - Bootstrapping Spring Data Redis repositories in DEFAULT mode.
2025-12-18 14:17:25.230 [restartedMain] INFO  o.s.d.r.c.RepositoryConfigurationDelegate - Finished Spring Data repository scanning in 24 ms. Found 0 Redis repository interfaces.
2025-12-18 14:17:27.434 [restartedMain] INFO  o.s.b.w.e.tomcat.TomcatWebServer - Tomcat initialized with port 3429 (http)
2025-12-18 14:17:27.465 [restartedMain] INFO  o.a.coyote.http11.Http11NioProtocol - Initializing ProtocolHandler ["http-nio-3429"]
2025-12-18 14:17:27.468 [restartedMain] INFO  o.a.catalina.core.StandardService - Starting service [Tomcat]
2025-12-18 14:17:27.469 [restartedMain] INFO  o.a.catalina.core.StandardEngine - Starting Servlet engine: [Apache Tomcat/10.1.19]
2025-12-18 14:17:27.602 [restartedMain] INFO  o.a.c.c.C.[Tomcat].[localhost].[/] - Initializing Spring embedded WebApplicationContext
2025-12-18 14:17:27.603 [restartedMain] INFO  o.s.b.w.s.c.ServletWebServerApplicationContext - Root WebApplicationContext: initialization completed in 3804 ms
2025-12-18 14:17:27.952 [restartedMain] INFO  com.zaxxer.hikari.HikariDataSource - ServerHikariCP - Starting...
2025-12-18 14:17:31.577 [restartedMain] INFO  com.zaxxer.hikari.pool.HikariPool - ServerHikariCP - Added connection com.mysql.cj.jdbc.ConnectionImpl@76051c5a
2025-12-18 14:17:31.605 [restartedMain] INFO  com.zaxxer.hikari.HikariDataSource - ServerHikariCP - Start completed.
2025-12-18 14:17:36.534 [restartedMain] INFO  o.s.b.d.a.OptionalLiveReloadServer - LiveReload server is running on port 35729
2025-12-18 14:17:36.569 [restartedMain] INFO  o.a.coyote.http11.Http11NioProtocol - Starting ProtocolHandler ["http-nio-3429"]
2025-12-18 14:17:36.611 [restartedMain] INFO  o.s.b.w.e.tomcat.TomcatWebServer - Tomcat started on port 3429 (http) with context path ''
2025-12-18 14:17:36.626 [restartedMain] INFO  com.ldz.park.ParkApplication - Started ParkApplication in 13.966 seconds (process running for 17.36)
2025-12-18 14:27:57.857 [http-nio-3429-exec-1] INFO  o.a.c.c.C.[Tomcat].[localhost].[/] - Initializing Spring DispatcherServlet 'dispatcherServlet'
2025-12-18 14:27:57.859 [http-nio-3429-exec-1] INFO  o.s.web.servlet.DispatcherServlet - Initializing Servlet 'dispatcherServlet'
2025-12-18 14:27:57.861 [http-nio-3429-exec-1] INFO  o.s.web.servlet.DispatcherServlet - Completed initialization in 1 ms
