2025-12-17 18:54:01.574 [restartedMain] INFO  com.ldz.park.ParkApplication - Starting ParkApplication using Java 21.0.2 with PID 21884 (G:\个人项目\2023年\park\target\classes started by Administrator in G:\个人项目\2023年\park)
2025-12-17 18:54:01.620 [restartedMain] INFO  com.ldz.park.ParkApplication - The following 1 profile is active: "dev"
2025-12-17 18:54:02.328 [restartedMain] INFO  o.s.b.d.e.DevToolsPropertyDefaultsPostProcessor - Devtools property defaults active! Set 'spring.devtools.add-properties' to 'false' to disable
2025-12-17 18:54:02.331 [restartedMain] INFO  o.s.b.d.e.DevToolsPropertyDefaultsPostProcessor - For additional web related logging consider setting the 'logging.level.web' property to 'DEBUG'
2025-12-17 18:54:06.387 [restartedMain] INFO  o.s.d.r.c.RepositoryConfigurationDelegate - Multiple Spring Data modules found, entering strict repository configuration mode
2025-12-17 18:54:06.392 [restartedMain] INFO  o.s.d.r.c.RepositoryConfigurationDelegate - Bootstrapping Spring Data Redis repositories in DEFAULT mode.
2025-12-17 18:54:06.439 [restartedMain] INFO  o.s.d.r.c.RepositoryConfigurationDelegate - Finished Spring Data repository scanning in 27 ms. Found 0 Redis repository interfaces.
2025-12-17 18:54:08.876 [restartedMain] INFO  o.s.b.w.e.tomcat.TomcatWebServer - Tomcat initialized with port 3429 (http)
2025-12-17 18:54:08.889 [restartedMain] INFO  o.a.coyote.http11.Http11NioProtocol - Initializing ProtocolHandler ["http-nio-3429"]
2025-12-17 18:54:08.891 [restartedMain] INFO  o.a.catalina.core.StandardService - Starting service [Tomcat]
2025-12-17 18:54:08.891 [restartedMain] INFO  o.a.catalina.core.StandardEngine - Starting Servlet engine: [Apache Tomcat/10.1.19]
2025-12-17 18:54:08.982 [restartedMain] INFO  o.a.c.c.C.[Tomcat].[localhost].[/] - Initializing Spring embedded WebApplicationContext
2025-12-17 18:54:08.982 [restartedMain] INFO  o.s.b.w.s.c.ServletWebServerApplicationContext - Root WebApplicationContext: initialization completed in 6631 ms
2025-12-17 18:54:09.411 [restartedMain] INFO  com.zaxxer.hikari.HikariDataSource - ServerHikariCP - Starting...
2025-12-17 18:54:10.289 [restartedMain] INFO  com.zaxxer.hikari.pool.HikariPool - ServerHikariCP - Added connection com.mysql.cj.jdbc.ConnectionImpl@1ba4519c
2025-12-17 18:54:10.294 [restartedMain] INFO  com.zaxxer.hikari.HikariDataSource - ServerHikariCP - Start completed.
2025-12-17 18:54:12.952 [restartedMain] INFO  o.s.b.d.a.OptionalLiveReloadServer - LiveReload server is running on port 35729
2025-12-17 18:54:13.153 [restartedMain] INFO  o.a.coyote.http11.Http11NioProtocol - Starting ProtocolHandler ["http-nio-3429"]
2025-12-17 18:54:13.578 [restartedMain] INFO  o.s.b.w.e.tomcat.TomcatWebServer - Tomcat started on port 3429 (http) with context path ''
2025-12-17 18:54:13.596 [restartedMain] INFO  com.ldz.park.ParkApplication - Started ParkApplication in 14.95 seconds (process running for 25.736)
2025-12-17 18:55:51.642 [http-nio-3429-exec-1] INFO  o.a.tomcat.util.http.parser.Cookie - A cookie header was received [Hm_lvt_b9f73d323b843af63cced04c171a5913=1764904163,1765155737,1765440479,1765501012] that contained an invalid cookie. That cookie will be ignored.
 Note: further occurrences of this error will be logged at DEBUG level.
2025-12-17 18:55:51.677 [http-nio-3429-exec-1] INFO  o.a.c.c.C.[Tomcat].[localhost].[/] - Initializing Spring DispatcherServlet 'dispatcherServlet'
2025-12-17 18:55:51.677 [http-nio-3429-exec-1] INFO  o.s.web.servlet.DispatcherServlet - Initializing Servlet 'dispatcherServlet'
2025-12-17 18:55:51.679 [http-nio-3429-exec-1] INFO  o.s.web.servlet.DispatcherServlet - Completed initialization in 2 ms
2025-12-17 18:55:53.451 [http-nio-3429-exec-1] INFO  o.s.api.AbstractOpenApiResource - Init duration for springdoc-openapi is: 1595 ms
2025-12-17 19:43:00.449 [SpringApplicationShutdownHook] INFO  com.zaxxer.hikari.HikariDataSource - ServerHikariCP - Shutdown initiated...
2025-12-17 19:43:00.469 [SpringApplicationShutdownHook] INFO  com.zaxxer.hikari.HikariDataSource - ServerHikariCP - Shutdown completed.
