2026-01-05 09:18:11.928 [SpringApplicationShutdownHook] INFO  o.e.jetty.server.AbstractConnector - Stopped ServerConnector@68de68c1{HTTP/1.1, (http/1.1)}{0.0.0.0:3429}
2026-01-05 09:18:13.195 [SpringApplicationShutdownHook] INFO  com.zaxxer.hikari.HikariDataSource - ServerHikariCP - Shutdown initiated...
2026-01-05 09:18:13.200 [SpringApplicationShutdownHook] INFO  com.zaxxer.hikari.HikariDataSource - ServerHikariCP - Shutdown completed.
2026-01-05 09:18:13.204 [SpringApplicationShutdownHook] INFO  org.eclipse.jetty.server.Server - Stopped oejs.Server@6b0cebb{STOPPING}[12.0.6,sto=0]
2026-01-05 09:18:13.235 [SpringApplicationShutdownHook] INFO  o.e.j.s.h.ContextHandler.application - Destroying Spring FrameworkServlet 'dispatcherServlet'
2026-01-05 09:18:13.270 [SpringApplicationShutdownHook] INFO  o.e.j.e.s.ServletContextHandler - Stopped osbwej.JettyEmbeddedWebAppContext@3c7682e7{application,/,b=[file:/C:/Users/Administrator/AppData/Local/Temp/jetty-docbase.3429.12018860546335663932/, jar:file:///E:/maven/apache-maven-3.9.7/resp/org/webjars/swagger-ui/5.10.3/swagger-ui-5.10.3.jar!/META-INF/resources/],a=AVAILABLE,h=oeje10s.SessionHandler@747e263f{STOPPED}}
2026-01-05 19:03:05.705 [restartedMain] INFO  com.ldz.park.ParkApplication - Starting ParkApplication using Java 21.0.2 with PID 16112 (G:\个人项目\2023年\park\target\classes started by Administrator in G:\个人项目\2023年\park)
2026-01-05 19:03:05.731 [restartedMain] INFO  com.ldz.park.ParkApplication - The following 1 profile is active: "dev"
2026-01-05 19:03:05.909 [restartedMain] INFO  o.s.b.d.e.DevToolsPropertyDefaultsPostProcessor - Devtools property defaults active! Set 'spring.devtools.add-properties' to 'false' to disable
2026-01-05 19:03:05.910 [restartedMain] INFO  o.s.b.d.e.DevToolsPropertyDefaultsPostProcessor - For additional web related logging consider setting the 'logging.level.web' property to 'DEBUG'
2026-01-05 19:03:09.300 [restartedMain] INFO  o.s.d.r.c.RepositoryConfigurationDelegate - Multiple Spring Data modules found, entering strict repository configuration mode
2026-01-05 19:03:09.305 [restartedMain] INFO  o.s.d.r.c.RepositoryConfigurationDelegate - Bootstrapping Spring Data Redis repositories in DEFAULT mode.
2026-01-05 19:03:09.442 [restartedMain] INFO  o.s.d.r.c.RepositoryConfigurationDelegate - Finished Spring Data repository scanning in 43 ms. Found 0 Redis repository interfaces.
2026-01-05 19:03:12.164 [restartedMain] INFO  o.s.b.w.e.j.JettyServletWebServerFactory - Server initialized with port: 3429
2026-01-05 19:03:12.174 [restartedMain] INFO  org.eclipse.jetty.server.Server - jetty-12.0.6; built: 2024-01-30T02:43:24.387Z; git: 78ab6e6ba163f89cdd97f2ae0283fbb5e371cfaf; jvm 21.0.2+13-LTS-58
2026-01-05 19:03:12.245 [restartedMain] INFO  o.e.j.s.h.ContextHandler.application - Initializing Spring embedded WebApplicationContext
2026-01-05 19:03:12.249 [restartedMain] INFO  o.s.b.w.s.c.ServletWebServerApplicationContext - Root WebApplicationContext: initialization completed in 6338 ms
2026-01-05 19:03:12.482 [restartedMain] INFO  o.e.j.s.DefaultSessionIdManager - Session workerName=node0
2026-01-05 19:03:12.500 [restartedMain] INFO  o.e.j.server.handler.ContextHandler - Started osbwej.JettyEmbeddedWebAppContext@20ee7aa8{application,/,b=[file:/C:/Users/Administrator/AppData/Local/Temp/jetty-docbase.3429.8620501819782469808/, jar:file:///E:/maven/apache-maven-3.9.7/resp/org/webjars/swagger-ui/5.10.3/swagger-ui-5.10.3.jar!/META-INF/resources/],a=AVAILABLE,h=oeje10s.SessionHandler@6f7e66fd{STARTED}}
2026-01-05 19:03:12.502 [restartedMain] INFO  o.e.j.e.s.ServletContextHandler - Started osbwej.JettyEmbeddedWebAppContext@20ee7aa8{application,/,b=[file:/C:/Users/Administrator/AppData/Local/Temp/jetty-docbase.3429.8620501819782469808/, jar:file:///E:/maven/apache-maven-3.9.7/resp/org/webjars/swagger-ui/5.10.3/swagger-ui-5.10.3.jar!/META-INF/resources/],a=AVAILABLE,h=oeje10s.SessionHandler@6f7e66fd{STARTED}}
2026-01-05 19:03:12.507 [restartedMain] INFO  org.eclipse.jetty.server.Server - Started oejs.Server@50985a30{STARTING}[12.0.6,sto=0] @13918ms
2026-01-05 19:03:12.630 [restartedMain] INFO  com.zaxxer.hikari.HikariDataSource - ServerHikariCP - Starting...
2026-01-05 19:03:12.668 [restartedMain] INFO  org.eclipse.jetty.server.Server - Stopped oejs.Server@50985a30{STOPPING}[12.0.6,sto=0]
2026-01-05 19:03:12.684 [restartedMain] INFO  o.e.j.e.s.ServletContextHandler - Stopped osbwej.JettyEmbeddedWebAppContext@20ee7aa8{application,/,b=[file:/C:/Users/Administrator/AppData/Local/Temp/jetty-docbase.3429.8620501819782469808/, jar:file:///E:/maven/apache-maven-3.9.7/resp/org/webjars/swagger-ui/5.10.3/swagger-ui-5.10.3.jar!/META-INF/resources/],a=AVAILABLE,h=oeje10s.SessionHandler@6f7e66fd{STOPPED}}
2026-01-05 19:03:12.750 [restartedMain] INFO  o.s.b.a.l.ConditionEvaluationReportLogger - 

Error starting ApplicationContext. To display the condition evaluation report re-run your application with 'debug' enabled.
2026-01-05 19:04:44.201 [restartedMain] INFO  com.ldz.park.ParkApplication - Starting ParkApplication using Java 21.0.2 with PID 8692 (G:\个人项目\2023年\park\target\classes started by Administrator in G:\个人项目\2023年\park)
2026-01-05 19:04:44.203 [restartedMain] INFO  com.ldz.park.ParkApplication - The following 1 profile is active: "dev"
2026-01-05 19:04:44.284 [restartedMain] INFO  o.s.b.d.e.DevToolsPropertyDefaultsPostProcessor - Devtools property defaults active! Set 'spring.devtools.add-properties' to 'false' to disable
2026-01-05 19:04:44.285 [restartedMain] INFO  o.s.b.d.e.DevToolsPropertyDefaultsPostProcessor - For additional web related logging consider setting the 'logging.level.web' property to 'DEBUG'
2026-01-05 19:04:46.565 [restartedMain] INFO  o.s.d.r.c.RepositoryConfigurationDelegate - Multiple Spring Data modules found, entering strict repository configuration mode
2026-01-05 19:04:46.569 [restartedMain] INFO  o.s.d.r.c.RepositoryConfigurationDelegate - Bootstrapping Spring Data Redis repositories in DEFAULT mode.
2026-01-05 19:04:46.660 [restartedMain] INFO  o.s.d.r.c.RepositoryConfigurationDelegate - Finished Spring Data repository scanning in 29 ms. Found 0 Redis repository interfaces.
2026-01-05 19:04:55.022 [restartedMain] INFO  o.s.b.w.e.j.JettyServletWebServerFactory - Server initialized with port: 3429
2026-01-05 19:04:55.028 [restartedMain] INFO  org.eclipse.jetty.server.Server - jetty-12.0.6; built: 2024-01-30T02:43:24.387Z; git: 78ab6e6ba163f89cdd97f2ae0283fbb5e371cfaf; jvm 21.0.2+13-LTS-58
2026-01-05 19:04:55.109 [restartedMain] INFO  o.e.j.s.h.ContextHandler.application - Initializing Spring embedded WebApplicationContext
2026-01-05 19:04:55.110 [restartedMain] INFO  o.s.b.w.s.c.ServletWebServerApplicationContext - Root WebApplicationContext: initialization completed in 10825 ms
2026-01-05 19:04:55.368 [restartedMain] INFO  o.e.j.s.DefaultSessionIdManager - Session workerName=node0
2026-01-05 19:04:55.383 [restartedMain] INFO  o.e.j.server.handler.ContextHandler - Started osbwej.JettyEmbeddedWebAppContext@70c7cf88{application,/,b=[file:/C:/Users/Administrator/AppData/Local/Temp/jetty-docbase.3429.9247711344367309368/, jar:file:///E:/maven/apache-maven-3.9.7/resp/org/webjars/swagger-ui/5.10.3/swagger-ui-5.10.3.jar!/META-INF/resources/],a=AVAILABLE,h=oeje10s.SessionHandler@12e8330d{STARTED}}
2026-01-05 19:04:55.385 [restartedMain] INFO  o.e.j.e.s.ServletContextHandler - Started osbwej.JettyEmbeddedWebAppContext@70c7cf88{application,/,b=[file:/C:/Users/Administrator/AppData/Local/Temp/jetty-docbase.3429.9247711344367309368/, jar:file:///E:/maven/apache-maven-3.9.7/resp/org/webjars/swagger-ui/5.10.3/swagger-ui-5.10.3.jar!/META-INF/resources/],a=AVAILABLE,h=oeje10s.SessionHandler@12e8330d{STARTED}}
2026-01-05 19:04:55.411 [restartedMain] INFO  org.eclipse.jetty.server.Server - Started oejs.Server@9424a27{STARTING}[12.0.6,sto=0] @17914ms
2026-01-05 19:04:55.539 [restartedMain] INFO  com.zaxxer.hikari.HikariDataSource - ServerHikariCP - Starting...
2026-01-05 19:04:55.567 [restartedMain] INFO  org.eclipse.jetty.server.Server - Stopped oejs.Server@9424a27{STOPPING}[12.0.6,sto=0]
2026-01-05 19:04:55.607 [restartedMain] INFO  o.e.j.e.s.ServletContextHandler - Stopped osbwej.JettyEmbeddedWebAppContext@70c7cf88{application,/,b=[file:/C:/Users/Administrator/AppData/Local/Temp/jetty-docbase.3429.9247711344367309368/, jar:file:///E:/maven/apache-maven-3.9.7/resp/org/webjars/swagger-ui/5.10.3/swagger-ui-5.10.3.jar!/META-INF/resources/],a=AVAILABLE,h=oeje10s.SessionHandler@12e8330d{STOPPED}}
2026-01-05 19:04:55.638 [restartedMain] INFO  o.s.b.a.l.ConditionEvaluationReportLogger - 

Error starting ApplicationContext. To display the condition evaluation report re-run your application with 'debug' enabled.
2026-01-05 19:07:38.902 [restartedMain] INFO  com.ldz.park.ParkApplication - Starting ParkApplication using Java 21.0.2 with PID 18908 (G:\个人项目\2023年\park\target\classes started by Administrator in G:\个人项目\2023年\park)
2026-01-05 19:07:38.903 [restartedMain] INFO  com.ldz.park.ParkApplication - The following 1 profile is active: "dev"
2026-01-05 19:07:39.015 [restartedMain] INFO  o.s.b.d.e.DevToolsPropertyDefaultsPostProcessor - Devtools property defaults active! Set 'spring.devtools.add-properties' to 'false' to disable
2026-01-05 19:07:39.015 [restartedMain] INFO  o.s.b.d.e.DevToolsPropertyDefaultsPostProcessor - For additional web related logging consider setting the 'logging.level.web' property to 'DEBUG'
2026-01-05 19:07:40.439 [restartedMain] INFO  o.s.d.r.c.RepositoryConfigurationDelegate - Multiple Spring Data modules found, entering strict repository configuration mode
2026-01-05 19:07:40.444 [restartedMain] INFO  o.s.d.r.c.RepositoryConfigurationDelegate - Bootstrapping Spring Data Redis repositories in DEFAULT mode.
2026-01-05 19:07:40.486 [restartedMain] INFO  o.s.d.r.c.RepositoryConfigurationDelegate - Finished Spring Data repository scanning in 26 ms. Found 0 Redis repository interfaces.
2026-01-05 19:07:42.119 [restartedMain] INFO  o.s.b.w.e.j.JettyServletWebServerFactory - Server initialized with port: 3429
2026-01-05 19:07:42.124 [restartedMain] INFO  org.eclipse.jetty.server.Server - jetty-12.0.6; built: 2024-01-30T02:43:24.387Z; git: 78ab6e6ba163f89cdd97f2ae0283fbb5e371cfaf; jvm 21.0.2+13-LTS-58
2026-01-05 19:07:42.166 [restartedMain] INFO  o.e.j.s.h.ContextHandler.application - Initializing Spring embedded WebApplicationContext
2026-01-05 19:07:42.166 [restartedMain] INFO  o.s.b.w.s.c.ServletWebServerApplicationContext - Root WebApplicationContext: initialization completed in 3150 ms
2026-01-05 19:07:42.282 [restartedMain] INFO  o.e.j.s.DefaultSessionIdManager - Session workerName=node0
2026-01-05 19:07:42.293 [restartedMain] INFO  o.e.j.server.handler.ContextHandler - Started osbwej.JettyEmbeddedWebAppContext@70c7cf88{application,/,b=[file:/C:/Users/Administrator/AppData/Local/Temp/jetty-docbase.3429.5431179268329017096/, jar:file:///E:/maven/apache-maven-3.9.7/resp/org/webjars/swagger-ui/5.10.3/swagger-ui-5.10.3.jar!/META-INF/resources/],a=AVAILABLE,h=oeje10s.SessionHandler@12e8330d{STARTED}}
2026-01-05 19:07:42.295 [restartedMain] INFO  o.e.j.e.s.ServletContextHandler - Started osbwej.JettyEmbeddedWebAppContext@70c7cf88{application,/,b=[file:/C:/Users/Administrator/AppData/Local/Temp/jetty-docbase.3429.5431179268329017096/, jar:file:///E:/maven/apache-maven-3.9.7/resp/org/webjars/swagger-ui/5.10.3/swagger-ui-5.10.3.jar!/META-INF/resources/],a=AVAILABLE,h=oeje10s.SessionHandler@12e8330d{STARTED}}
2026-01-05 19:07:42.299 [restartedMain] INFO  org.eclipse.jetty.server.Server - Started oejs.Server@9424a27{STARTING}[12.0.6,sto=0] @6924ms
2026-01-05 19:07:42.415 [restartedMain] INFO  com.zaxxer.hikari.HikariDataSource - ServerHikariCP - Starting...
2026-01-05 19:07:42.441 [restartedMain] INFO  org.eclipse.jetty.server.Server - Stopped oejs.Server@9424a27{STOPPING}[12.0.6,sto=0]
2026-01-05 19:07:42.449 [restartedMain] INFO  o.e.j.e.s.ServletContextHandler - Stopped osbwej.JettyEmbeddedWebAppContext@70c7cf88{application,/,b=[file:/C:/Users/Administrator/AppData/Local/Temp/jetty-docbase.3429.5431179268329017096/, jar:file:///E:/maven/apache-maven-3.9.7/resp/org/webjars/swagger-ui/5.10.3/swagger-ui-5.10.3.jar!/META-INF/resources/],a=AVAILABLE,h=oeje10s.SessionHandler@12e8330d{STOPPED}}
2026-01-05 19:07:42.463 [restartedMain] INFO  o.s.b.a.l.ConditionEvaluationReportLogger - 

Error starting ApplicationContext. To display the condition evaluation report re-run your application with 'debug' enabled.
2026-01-05 19:12:16.514 [restartedMain] INFO  com.ldz.park.ParkApplication - Starting ParkApplication using Java 21.0.2 with PID 13400 (G:\个人项目\2023年\park\target\classes started by Administrator in G:\个人项目\2023年\park)
2026-01-05 19:12:16.517 [restartedMain] INFO  com.ldz.park.ParkApplication - The following 1 profile is active: "dev"
2026-01-05 19:12:16.739 [restartedMain] INFO  o.s.b.d.e.DevToolsPropertyDefaultsPostProcessor - Devtools property defaults active! Set 'spring.devtools.add-properties' to 'false' to disable
2026-01-05 19:12:16.739 [restartedMain] INFO  o.s.b.d.e.DevToolsPropertyDefaultsPostProcessor - For additional web related logging consider setting the 'logging.level.web' property to 'DEBUG'
2026-01-05 19:12:18.163 [restartedMain] INFO  o.s.d.r.c.RepositoryConfigurationDelegate - Multiple Spring Data modules found, entering strict repository configuration mode
2026-01-05 19:12:18.171 [restartedMain] INFO  o.s.d.r.c.RepositoryConfigurationDelegate - Bootstrapping Spring Data Redis repositories in DEFAULT mode.
2026-01-05 19:12:18.235 [restartedMain] INFO  o.s.d.r.c.RepositoryConfigurationDelegate - Finished Spring Data repository scanning in 39 ms. Found 0 Redis repository interfaces.
2026-01-05 19:12:20.532 [restartedMain] INFO  o.s.b.w.e.j.JettyServletWebServerFactory - Server initialized with port: 3429
2026-01-05 19:12:20.539 [restartedMain] INFO  org.eclipse.jetty.server.Server - jetty-12.0.6; built: 2024-01-30T02:43:24.387Z; git: 78ab6e6ba163f89cdd97f2ae0283fbb5e371cfaf; jvm 21.0.2+13-LTS-58
2026-01-05 19:12:20.594 [restartedMain] INFO  o.e.j.s.h.ContextHandler.application - Initializing Spring embedded WebApplicationContext
2026-01-05 19:12:20.594 [restartedMain] INFO  o.s.b.w.s.c.ServletWebServerApplicationContext - Root WebApplicationContext: initialization completed in 3854 ms
2026-01-05 19:12:20.661 [restartedMain] INFO  o.e.j.s.DefaultSessionIdManager - Session workerName=node0
2026-01-05 19:12:20.672 [restartedMain] INFO  o.e.j.server.handler.ContextHandler - Started osbwej.JettyEmbeddedWebAppContext@7cbcc8bb{application,/,b=[file:/C:/Users/Administrator/AppData/Local/Temp/jetty-docbase.3429.12768422777052774173/, jar:file:///E:/maven/apache-maven-3.9.7/resp/org/webjars/swagger-ui/5.10.3/swagger-ui-5.10.3.jar!/META-INF/resources/],a=AVAILABLE,h=oeje10s.SessionHandler@75d3ff40{STARTED}}
2026-01-05 19:12:20.673 [restartedMain] INFO  o.e.j.e.s.ServletContextHandler - Started osbwej.JettyEmbeddedWebAppContext@7cbcc8bb{application,/,b=[file:/C:/Users/Administrator/AppData/Local/Temp/jetty-docbase.3429.12768422777052774173/, jar:file:///E:/maven/apache-maven-3.9.7/resp/org/webjars/swagger-ui/5.10.3/swagger-ui-5.10.3.jar!/META-INF/resources/],a=AVAILABLE,h=oeje10s.SessionHandler@75d3ff40{STARTED}}
2026-01-05 19:12:20.676 [restartedMain] INFO  org.eclipse.jetty.server.Server - Started oejs.Server@79cd7d6{STARTING}[12.0.6,sto=0] @6966ms
2026-01-05 19:12:20.866 [restartedMain] INFO  com.zaxxer.hikari.HikariDataSource - ServerHikariCP - Starting...
2026-01-05 19:12:25.606 [restartedMain] INFO  com.zaxxer.hikari.pool.HikariPool - ServerHikariCP - Added connection com.mysql.cj.jdbc.ConnectionImpl@1a0cd08
2026-01-05 19:12:25.611 [restartedMain] INFO  com.zaxxer.hikari.HikariDataSource - ServerHikariCP - Start completed.
2026-01-05 19:12:27.805 [restartedMain] INFO  o.s.b.d.a.OptionalLiveReloadServer - LiveReload server is running on port 35729
2026-01-05 19:12:27.830 [restartedMain] INFO  o.e.j.s.h.ContextHandler.application - Initializing Spring DispatcherServlet 'dispatcherServlet'
2026-01-05 19:12:27.830 [restartedMain] INFO  o.s.web.servlet.DispatcherServlet - Initializing Servlet 'dispatcherServlet'
2026-01-05 19:12:27.831 [restartedMain] INFO  o.s.web.servlet.DispatcherServlet - Completed initialization in 1 ms
2026-01-05 19:12:27.870 [restartedMain] INFO  o.e.jetty.server.AbstractConnector - Started ServerConnector@29b57479{HTTP/1.1, (http/1.1)}{0.0.0.0:3429}
2026-01-05 19:12:27.872 [restartedMain] INFO  o.s.b.w.e.jetty.JettyWebServer - Jetty started on port 3429 (http/1.1) with context path '/'
2026-01-05 19:12:27.882 [restartedMain] INFO  com.ldz.park.ParkApplication - Started ParkApplication in 13.191 seconds (process running for 14.172)
2026-01-05 19:31:15.512 [File Watcher] INFO  o.s.b.d.a.LocalDevToolsAutoConfiguration$RestartingClassPathChangeChangedEventListener - Restarting due to 70 class path changes (0 additions, 70 deletions, 0 modifications)
2026-01-05 19:31:15.539 [Thread-13] INFO  o.e.jetty.server.AbstractConnector - Stopped ServerConnector@29b57479{HTTP/1.1, (http/1.1)}{0.0.0.0:3429}
2026-01-05 19:31:15.601 [Thread-13] INFO  com.zaxxer.hikari.HikariDataSource - ServerHikariCP - Shutdown initiated...
2026-01-05 19:31:29.686 [restartedMain] INFO  com.ldz.park.ParkApplication - Starting ParkApplication using Java 21.0.2 with PID 13400 (G:\个人项目\2023年\park\target\classes started by Administrator in G:\个人项目\2023年\park)
2026-01-05 19:31:29.687 [restartedMain] INFO  com.ldz.park.ParkApplication - The following 1 profile is active: "dev"
2026-01-05 19:31:30.821 [restartedMain] INFO  o.s.d.r.c.RepositoryConfigurationDelegate - Multiple Spring Data modules found, entering strict repository configuration mode
2026-01-05 19:31:30.823 [restartedMain] INFO  o.s.d.r.c.RepositoryConfigurationDelegate - Bootstrapping Spring Data Redis repositories in DEFAULT mode.
2026-01-05 19:31:30.831 [restartedMain] INFO  o.s.d.r.c.RepositoryConfigurationDelegate - Finished Spring Data repository scanning in 7 ms. Found 0 Redis repository interfaces.
2026-01-05 19:31:31.214 [restartedMain] INFO  o.s.b.w.e.j.JettyServletWebServerFactory - Server initialized with port: 3429
2026-01-05 19:31:31.215 [restartedMain] INFO  org.eclipse.jetty.server.Server - jetty-12.0.6; built: 2024-01-30T02:43:24.387Z; git: 78ab6e6ba163f89cdd97f2ae0283fbb5e371cfaf; jvm 21.0.2+13-LTS-58
2026-01-05 19:31:31.216 [restartedMain] INFO  o.e.j.s.h.ContextHandler.application - Initializing Spring embedded WebApplicationContext
2026-01-05 19:31:31.216 [restartedMain] INFO  o.s.b.w.s.c.ServletWebServerApplicationContext - Root WebApplicationContext: initialization completed in 1525 ms
2026-01-05 19:31:31.234 [restartedMain] INFO  o.e.j.s.DefaultSessionIdManager - Session workerName=node0
2026-01-05 19:31:31.235 [restartedMain] INFO  o.e.j.server.handler.ContextHandler - Started osbwej.JettyEmbeddedWebAppContext@57dade66{application,/,b=[file:/C:/Users/Administrator/AppData/Local/Temp/jetty-docbase.3429.14151752980320643004/, jar:file:///E:/maven/apache-maven-3.9.7/resp/org/webjars/swagger-ui/5.10.3/swagger-ui-5.10.3.jar!/META-INF/resources/],a=AVAILABLE,h=oeje10s.SessionHandler@4f7d3582{STARTED}}
2026-01-05 19:31:31.238 [restartedMain] INFO  o.e.j.e.s.ServletContextHandler - Started osbwej.JettyEmbeddedWebAppContext@57dade66{application,/,b=[file:/C:/Users/Administrator/AppData/Local/Temp/jetty-docbase.3429.14151752980320643004/, jar:file:///E:/maven/apache-maven-3.9.7/resp/org/webjars/swagger-ui/5.10.3/swagger-ui-5.10.3.jar!/META-INF/resources/],a=AVAILABLE,h=oeje10s.SessionHandler@4f7d3582{STARTED}}
2026-01-05 19:31:31.238 [restartedMain] INFO  org.eclipse.jetty.server.Server - Started oejs.Server@4bd7c3fa{STARTING}[12.0.6,sto=0] @1157528ms
2026-01-05 19:31:31.277 [restartedMain] INFO  com.zaxxer.hikari.HikariDataSource - ServerHikariCP - Starting...
2026-01-05 19:31:35.440 [restartedMain] INFO  com.zaxxer.hikari.pool.HikariPool - ServerHikariCP - Added connection com.mysql.cj.jdbc.ConnectionImpl@74e06e96
2026-01-05 19:31:35.440 [restartedMain] INFO  com.zaxxer.hikari.HikariDataSource - ServerHikariCP - Start completed.
2026-01-05 19:31:35.986 [restartedMain] INFO  o.s.b.d.a.OptionalLiveReloadServer - LiveReload server is running on port 35729
2026-01-05 19:31:35.997 [restartedMain] INFO  o.e.j.s.h.ContextHandler.application - Initializing Spring DispatcherServlet 'dispatcherServlet'
2026-01-05 19:31:35.997 [restartedMain] INFO  o.s.web.servlet.DispatcherServlet - Initializing Servlet 'dispatcherServlet'
2026-01-05 19:31:35.998 [restartedMain] INFO  o.s.web.servlet.DispatcherServlet - Completed initialization in 1 ms
2026-01-05 19:31:36.000 [restartedMain] INFO  o.e.jetty.server.AbstractConnector - Started ServerConnector@5cae492b{HTTP/1.1, (http/1.1)}{0.0.0.0:3429}
2026-01-05 19:31:36.001 [restartedMain] INFO  o.s.b.w.e.jetty.JettyWebServer - Jetty started on port 3429 (http/1.1) with context path '/'
2026-01-05 19:31:36.004 [restartedMain] INFO  com.ldz.park.ParkApplication - Started ParkApplication in 6.454 seconds (process running for 1162.295)
2026-01-05 19:31:36.006 [restartedMain] INFO  o.s.b.d.a.ConditionEvaluationDeltaLoggingListener - Condition evaluation unchanged
2026-01-05 19:36:47.979 [File Watcher] INFO  o.s.b.d.a.LocalDevToolsAutoConfiguration$RestartingClassPathChangeChangedEventListener - Restarting due to 1 class path change (0 additions, 0 deletions, 1 modification)
2026-01-05 19:36:47.983 [Thread-15] INFO  o.e.jetty.server.AbstractConnector - Stopped ServerConnector@5cae492b{HTTP/1.1, (http/1.1)}{0.0.0.0:3429}
2026-01-05 19:36:47.993 [Thread-15] INFO  com.zaxxer.hikari.HikariDataSource - ServerHikariCP - Shutdown initiated...
2026-01-05 19:36:51.817 [Thread-15] INFO  com.zaxxer.hikari.HikariDataSource - ServerHikariCP - Shutdown completed.
2026-01-05 19:36:51.817 [Thread-15] INFO  org.eclipse.jetty.server.Server - Stopped oejs.Server@4bd7c3fa{STOPPING}[12.0.6,sto=0]
2026-01-05 19:36:51.819 [Thread-15] INFO  o.e.j.s.h.ContextHandler.application - Destroying Spring FrameworkServlet 'dispatcherServlet'
2026-01-05 19:36:51.968 [Thread-15] INFO  o.e.j.e.s.ServletContextHandler - Stopped osbwej.JettyEmbeddedWebAppContext@57dade66{application,/,b=[file:/C:/Users/Administrator/AppData/Local/Temp/jetty-docbase.3429.14151752980320643004/, jar:file:///E:/maven/apache-maven-3.9.7/resp/org/webjars/swagger-ui/5.10.3/swagger-ui-5.10.3.jar!/META-INF/resources/],a=AVAILABLE,h=oeje10s.SessionHandler@4f7d3582{STOPPED}}
2026-01-05 19:36:52.167 [restartedMain] INFO  com.ldz.park.ParkApplication - Starting ParkApplication using Java 21.0.2 with PID 13400 (G:\个人项目\2023年\park\target\classes started by Administrator in G:\个人项目\2023年\park)
2026-01-05 19:36:52.168 [restartedMain] INFO  com.ldz.park.ParkApplication - The following 1 profile is active: "dev"
2026-01-05 19:36:52.525 [restartedMain] INFO  o.s.d.r.c.RepositoryConfigurationDelegate - Multiple Spring Data modules found, entering strict repository configuration mode
2026-01-05 19:36:52.527 [restartedMain] INFO  o.s.d.r.c.RepositoryConfigurationDelegate - Bootstrapping Spring Data Redis repositories in DEFAULT mode.
2026-01-05 19:36:52.532 [restartedMain] INFO  o.s.d.r.c.RepositoryConfigurationDelegate - Finished Spring Data repository scanning in 5 ms. Found 0 Redis repository interfaces.
2026-01-05 19:36:53.140 [restartedMain] INFO  o.s.b.w.e.j.JettyServletWebServerFactory - Server initialized with port: 3429
2026-01-05 19:36:53.141 [restartedMain] INFO  org.eclipse.jetty.server.Server - jetty-12.0.6; built: 2024-01-30T02:43:24.387Z; git: 78ab6e6ba163f89cdd97f2ae0283fbb5e371cfaf; jvm 21.0.2+13-LTS-58
2026-01-05 19:36:53.145 [restartedMain] INFO  o.e.j.s.h.ContextHandler.application - Initializing Spring embedded WebApplicationContext
2026-01-05 19:36:53.145 [restartedMain] INFO  o.s.b.w.s.c.ServletWebServerApplicationContext - Root WebApplicationContext: initialization completed in 975 ms
2026-01-05 19:36:53.219 [restartedMain] INFO  o.e.j.s.DefaultSessionIdManager - Session workerName=node0
2026-01-05 19:36:53.221 [restartedMain] INFO  o.e.j.server.handler.ContextHandler - Started osbwej.JettyEmbeddedWebAppContext@4e8dc9f1{application,/,b=[file:/C:/Users/Administrator/AppData/Local/Temp/jetty-docbase.3429.14834317163065459651/, jar:file:///E:/maven/apache-maven-3.9.7/resp/org/webjars/swagger-ui/5.10.3/swagger-ui-5.10.3.jar!/META-INF/resources/],a=AVAILABLE,h=oeje10s.SessionHandler@72ee507b{STARTED}}
2026-01-05 19:36:53.225 [restartedMain] INFO  o.e.j.e.s.ServletContextHandler - Started osbwej.JettyEmbeddedWebAppContext@4e8dc9f1{application,/,b=[file:/C:/Users/Administrator/AppData/Local/Temp/jetty-docbase.3429.14834317163065459651/, jar:file:///E:/maven/apache-maven-3.9.7/resp/org/webjars/swagger-ui/5.10.3/swagger-ui-5.10.3.jar!/META-INF/resources/],a=AVAILABLE,h=oeje10s.SessionHandler@72ee507b{STARTED}}
2026-01-05 19:36:53.226 [restartedMain] INFO  org.eclipse.jetty.server.Server - Started oejs.Server@16421d81{STARTING}[12.0.6,sto=0] @1479516ms
2026-01-05 19:36:53.265 [restartedMain] INFO  com.zaxxer.hikari.HikariDataSource - ServerHikariCP - Starting...
2026-01-05 19:36:58.403 [restartedMain] INFO  com.zaxxer.hikari.pool.HikariPool - ServerHikariCP - Added connection com.mysql.cj.jdbc.ConnectionImpl@2f90d22e
2026-01-05 19:36:58.404 [restartedMain] INFO  com.zaxxer.hikari.HikariDataSource - ServerHikariCP - Start completed.
2026-01-05 19:37:00.429 [restartedMain] INFO  o.s.b.d.a.OptionalLiveReloadServer - LiveReload server is running on port 35729
2026-01-05 19:37:00.439 [restartedMain] INFO  o.e.j.s.h.ContextHandler.application - Initializing Spring DispatcherServlet 'dispatcherServlet'
2026-01-05 19:37:00.440 [restartedMain] INFO  o.s.web.servlet.DispatcherServlet - Initializing Servlet 'dispatcherServlet'
2026-01-05 19:37:00.440 [restartedMain] INFO  o.s.web.servlet.DispatcherServlet - Completed initialization in 0 ms
2026-01-05 19:37:00.465 [restartedMain] INFO  o.e.jetty.server.AbstractConnector - Started ServerConnector@46879ac{HTTP/1.1, (http/1.1)}{0.0.0.0:3429}
2026-01-05 19:37:00.468 [restartedMain] INFO  o.s.b.w.e.jetty.JettyWebServer - Jetty started on port 3429 (http/1.1) with context path '/'
2026-01-05 19:37:00.476 [restartedMain] INFO  com.ldz.park.ParkApplication - Started ParkApplication in 8.379 seconds (process running for 1486.766)
2026-01-05 19:37:00.477 [restartedMain] INFO  o.s.b.d.a.ConditionEvaluationDeltaLoggingListener - Condition evaluation unchanged
2026-01-05 19:38:47.758 [File Watcher] INFO  o.s.b.d.a.LocalDevToolsAutoConfiguration$RestartingClassPathChangeChangedEventListener - Restarting due to 1 class path change (0 additions, 0 deletions, 1 modification)
2026-01-05 19:38:47.852 [Thread-38] INFO  o.e.jetty.server.AbstractConnector - Stopped ServerConnector@46879ac{HTTP/1.1, (http/1.1)}{0.0.0.0:3429}
2026-01-05 19:38:47.936 [Thread-38] INFO  com.zaxxer.hikari.HikariDataSource - ServerHikariCP - Shutdown initiated...
2026-01-05 19:38:48.045 [Thread-38] INFO  com.zaxxer.hikari.HikariDataSource - ServerHikariCP - Shutdown completed.
2026-01-05 19:38:48.046 [Thread-38] INFO  org.eclipse.jetty.server.Server - Stopped oejs.Server@16421d81{STOPPING}[12.0.6,sto=0]
2026-01-05 19:38:48.047 [Thread-38] INFO  o.e.j.s.h.ContextHandler.application - Destroying Spring FrameworkServlet 'dispatcherServlet'
2026-01-05 19:38:48.052 [Thread-38] INFO  o.e.j.e.s.ServletContextHandler - Stopped osbwej.JettyEmbeddedWebAppContext@4e8dc9f1{application,/,b=[file:/C:/Users/Administrator/AppData/Local/Temp/jetty-docbase.3429.14834317163065459651/, jar:file:///E:/maven/apache-maven-3.9.7/resp/org/webjars/swagger-ui/5.10.3/swagger-ui-5.10.3.jar!/META-INF/resources/],a=AVAILABLE,h=oeje10s.SessionHandler@72ee507b{STOPPED}}
2026-01-05 19:38:48.283 [restartedMain] INFO  com.ldz.park.ParkApplication - Starting ParkApplication using Java 21.0.2 with PID 13400 (G:\个人项目\2023年\park\target\classes started by Administrator in G:\个人项目\2023年\park)
2026-01-05 19:38:48.283 [restartedMain] INFO  com.ldz.park.ParkApplication - The following 1 profile is active: "dev"
2026-01-05 19:38:50.151 [restartedMain] INFO  o.s.d.r.c.RepositoryConfigurationDelegate - Multiple Spring Data modules found, entering strict repository configuration mode
2026-01-05 19:38:50.151 [restartedMain] INFO  o.s.d.r.c.RepositoryConfigurationDelegate - Bootstrapping Spring Data Redis repositories in DEFAULT mode.
2026-01-05 19:38:50.160 [restartedMain] INFO  o.s.d.r.c.RepositoryConfigurationDelegate - Finished Spring Data repository scanning in 8 ms. Found 0 Redis repository interfaces.
2026-01-05 19:38:50.770 [restartedMain] INFO  o.s.b.w.e.j.JettyServletWebServerFactory - Server initialized with port: 3429
2026-01-05 19:38:50.770 [restartedMain] INFO  org.eclipse.jetty.server.Server - jetty-12.0.6; built: 2024-01-30T02:43:24.387Z; git: 78ab6e6ba163f89cdd97f2ae0283fbb5e371cfaf; jvm 21.0.2+13-LTS-58
2026-01-05 19:38:50.772 [restartedMain] INFO  o.e.j.s.h.ContextHandler.application - Initializing Spring embedded WebApplicationContext
2026-01-05 19:38:50.772 [restartedMain] INFO  o.s.b.w.s.c.ServletWebServerApplicationContext - Root WebApplicationContext: initialization completed in 2486 ms
2026-01-05 19:38:50.793 [restartedMain] INFO  o.e.j.s.DefaultSessionIdManager - Session workerName=node0
2026-01-05 19:38:50.795 [restartedMain] INFO  o.e.j.server.handler.ContextHandler - Started osbwej.JettyEmbeddedWebAppContext@6cbdfbc8{application,/,b=[file:/C:/Users/Administrator/AppData/Local/Temp/jetty-docbase.3429.12754840016780894793/, jar:file:///E:/maven/apache-maven-3.9.7/resp/org/webjars/swagger-ui/5.10.3/swagger-ui-5.10.3.jar!/META-INF/resources/],a=AVAILABLE,h=oeje10s.SessionHandler@41581732{STARTED}}
2026-01-05 19:38:50.795 [restartedMain] INFO  o.e.j.e.s.ServletContextHandler - Started osbwej.JettyEmbeddedWebAppContext@6cbdfbc8{application,/,b=[file:/C:/Users/Administrator/AppData/Local/Temp/jetty-docbase.3429.12754840016780894793/, jar:file:///E:/maven/apache-maven-3.9.7/resp/org/webjars/swagger-ui/5.10.3/swagger-ui-5.10.3.jar!/META-INF/resources/],a=AVAILABLE,h=oeje10s.SessionHandler@41581732{STARTED}}
2026-01-05 19:38:50.796 [restartedMain] INFO  org.eclipse.jetty.server.Server - Started oejs.Server@5e73919{STARTING}[12.0.6,sto=0] @1597085ms
2026-01-05 19:38:50.879 [restartedMain] INFO  com.zaxxer.hikari.HikariDataSource - ServerHikariCP - Starting...
2026-01-05 19:38:55.611 [restartedMain] INFO  com.zaxxer.hikari.pool.HikariPool - ServerHikariCP - Added connection com.mysql.cj.jdbc.ConnectionImpl@406139c9
2026-01-05 19:38:55.611 [restartedMain] INFO  com.zaxxer.hikari.HikariDataSource - ServerHikariCP - Start completed.
2026-01-05 19:38:56.168 [restartedMain] INFO  com.zaxxer.hikari.HikariDataSource - ServerHikariCP - Shutdown initiated...
2026-01-05 19:39:01.264 [restartedMain] INFO  com.zaxxer.hikari.HikariDataSource - ServerHikariCP - Shutdown completed.
2026-01-05 19:39:01.265 [restartedMain] INFO  org.eclipse.jetty.server.Server - Stopped oejs.Server@5e73919{STOPPING}[12.0.6,sto=0]
2026-01-05 19:39:01.292 [restartedMain] INFO  o.e.j.e.s.ServletContextHandler - Stopped osbwej.JettyEmbeddedWebAppContext@6cbdfbc8{application,/,b=[file:/C:/Users/Administrator/AppData/Local/Temp/jetty-docbase.3429.12754840016780894793/, jar:file:///E:/maven/apache-maven-3.9.7/resp/org/webjars/swagger-ui/5.10.3/swagger-ui-5.10.3.jar!/META-INF/resources/],a=AVAILABLE,h=oeje10s.SessionHandler@41581732{STOPPED}}
2026-01-05 19:39:01.299 [restartedMain] INFO  o.s.b.a.l.ConditionEvaluationReportLogger - 

Error starting ApplicationContext. To display the condition evaluation report re-run your application with 'debug' enabled.
2026-01-05 19:39:13.663 [restartedMain] INFO  com.ldz.park.ParkApplication - Starting ParkApplication using Java 21.0.2 with PID 13400 (G:\个人项目\2023年\park\target\classes started by Administrator in G:\个人项目\2023年\park)
2026-01-05 19:39:13.663 [restartedMain] INFO  com.ldz.park.ParkApplication - The following 1 profile is active: "dev"
2026-01-05 19:39:15.640 [restartedMain] INFO  o.s.d.r.c.RepositoryConfigurationDelegate - Multiple Spring Data modules found, entering strict repository configuration mode
2026-01-05 19:39:15.641 [restartedMain] INFO  o.s.d.r.c.RepositoryConfigurationDelegate - Bootstrapping Spring Data Redis repositories in DEFAULT mode.
2026-01-05 19:39:15.646 [restartedMain] INFO  o.s.d.r.c.RepositoryConfigurationDelegate - Finished Spring Data repository scanning in 5 ms. Found 0 Redis repository interfaces.
2026-01-05 19:39:15.970 [restartedMain] INFO  o.s.b.w.e.j.JettyServletWebServerFactory - Server initialized with port: 3429
2026-01-05 19:39:15.970 [restartedMain] INFO  org.eclipse.jetty.server.Server - jetty-12.0.6; built: 2024-01-30T02:43:24.387Z; git: 78ab6e6ba163f89cdd97f2ae0283fbb5e371cfaf; jvm 21.0.2+13-LTS-58
2026-01-05 19:39:15.972 [restartedMain] INFO  o.e.j.s.h.ContextHandler.application - Initializing Spring embedded WebApplicationContext
2026-01-05 19:39:15.972 [restartedMain] INFO  o.s.b.w.s.c.ServletWebServerApplicationContext - Root WebApplicationContext: initialization completed in 2306 ms
2026-01-05 19:39:15.983 [restartedMain] INFO  o.e.j.s.DefaultSessionIdManager - Session workerName=node0
2026-01-05 19:39:15.985 [restartedMain] INFO  o.e.j.server.handler.ContextHandler - Started osbwej.JettyEmbeddedWebAppContext@66470cee{application,/,b=[file:/C:/Users/Administrator/AppData/Local/Temp/jetty-docbase.3429.17062556322198125274/, jar:file:///E:/maven/apache-maven-3.9.7/resp/org/webjars/swagger-ui/5.10.3/swagger-ui-5.10.3.jar!/META-INF/resources/],a=AVAILABLE,h=oeje10s.SessionHandler@6119825f{STARTED}}
2026-01-05 19:39:15.985 [restartedMain] INFO  o.e.j.e.s.ServletContextHandler - Started osbwej.JettyEmbeddedWebAppContext@66470cee{application,/,b=[file:/C:/Users/Administrator/AppData/Local/Temp/jetty-docbase.3429.17062556322198125274/, jar:file:///E:/maven/apache-maven-3.9.7/resp/org/webjars/swagger-ui/5.10.3/swagger-ui-5.10.3.jar!/META-INF/resources/],a=AVAILABLE,h=oeje10s.SessionHandler@6119825f{STARTED}}
2026-01-05 19:39:15.985 [restartedMain] INFO  org.eclipse.jetty.server.Server - Started oejs.Server@43e7cb39{STARTING}[12.0.6,sto=0] @1622276ms
2026-01-05 19:39:16.011 [restartedMain] INFO  com.zaxxer.hikari.HikariDataSource - ServerHikariCP - Starting...
2026-01-05 19:39:20.927 [restartedMain] INFO  com.zaxxer.hikari.pool.HikariPool - ServerHikariCP - Added connection com.mysql.cj.jdbc.ConnectionImpl@5caa3116
2026-01-05 19:39:20.928 [restartedMain] INFO  com.zaxxer.hikari.HikariDataSource - ServerHikariCP - Start completed.
2026-01-05 19:39:21.103 [restartedMain] INFO  com.zaxxer.hikari.HikariDataSource - ServerHikariCP - Shutdown initiated...
2026-01-05 19:39:21.139 [restartedMain] INFO  com.zaxxer.hikari.HikariDataSource - ServerHikariCP - Shutdown completed.
2026-01-05 19:39:21.140 [restartedMain] INFO  org.eclipse.jetty.server.Server - Stopped oejs.Server@43e7cb39{STOPPING}[12.0.6,sto=0]
2026-01-05 19:39:21.201 [restartedMain] INFO  o.e.j.e.s.ServletContextHandler - Stopped osbwej.JettyEmbeddedWebAppContext@66470cee{application,/,b=[file:/C:/Users/Administrator/AppData/Local/Temp/jetty-docbase.3429.17062556322198125274/, jar:file:///E:/maven/apache-maven-3.9.7/resp/org/webjars/swagger-ui/5.10.3/swagger-ui-5.10.3.jar!/META-INF/resources/],a=AVAILABLE,h=oeje10s.SessionHandler@6119825f{STOPPED}}
2026-01-05 19:39:21.219 [restartedMain] INFO  o.s.b.a.l.ConditionEvaluationReportLogger - 

Error starting ApplicationContext. To display the condition evaluation report re-run your application with 'debug' enabled.
