2026-01-15 08:53:14.219 [restartedMain] INFO  com.ldz.park.ParkApplication - Starting ParkApplication using Java 21.0.2 with PID 8052 (G:\个人项目\2023年\park\target\classes started by Administrator in G:\个人项目\2023年\park)
2026-01-15 08:53:14.255 [restartedMain] INFO  com.ldz.park.ParkApplication - The following 1 profile is active: "dev"
2026-01-15 08:53:14.197 [background-preinit] INFO  o.h.validator.internal.util.Version - HV000001: Hibernate Validator 8.0.1.Final
2026-01-15 08:53:14.399 [restartedMain] INFO  o.s.b.d.e.DevToolsPropertyDefaultsPostProcessor - Devtools property defaults active! Set 'spring.devtools.add-properties' to 'false' to disable
2026-01-15 08:53:14.399 [restartedMain] INFO  o.s.b.d.e.DevToolsPropertyDefaultsPostProcessor - For additional web related logging consider setting the 'logging.level.web' property to 'DEBUG'
2026-01-15 08:53:18.005 [restartedMain] INFO  o.s.d.r.c.RepositoryConfigurationDelegate - Multiple Spring Data modules found, entering strict repository configuration mode
2026-01-15 08:53:18.008 [restartedMain] INFO  o.s.d.r.c.RepositoryConfigurationDelegate - Bootstrapping Spring Data Redis repositories in DEFAULT mode.
2026-01-15 08:53:18.045 [restartedMain] INFO  o.s.d.r.c.RepositoryConfigurationDelegate - Finished Spring Data repository scanning in 20 ms. Found 0 Redis repository interfaces.
2026-01-15 08:53:20.542 [restartedMain] INFO  o.s.b.w.e.j.JettyServletWebServerFactory - Server initialized with port: 3429
2026-01-15 08:53:20.546 [restartedMain] INFO  org.eclipse.jetty.server.Server - jetty-12.0.6; built: 2024-01-30T02:43:24.387Z; git: 78ab6e6ba163f89cdd97f2ae0283fbb5e371cfaf; jvm 21.0.2+13-LTS-58
2026-01-15 08:53:20.586 [restartedMain] INFO  o.e.j.s.h.ContextHandler.application - Initializing Spring embedded WebApplicationContext
2026-01-15 08:53:20.588 [restartedMain] INFO  o.s.b.w.s.c.ServletWebServerApplicationContext - Root WebApplicationContext: initialization completed in 6185 ms
2026-01-15 08:53:20.966 [restartedMain] INFO  o.e.j.s.DefaultSessionIdManager - Session workerName=node0
2026-01-15 08:53:20.981 [restartedMain] INFO  o.e.j.server.handler.ContextHandler - Started osbwej.JettyEmbeddedWebAppContext@60700eb2{application,/,b=[file:/C:/Users/Administrator/AppData/Local/Temp/jetty-docbase.3429.2326793145895048463/, jar:file:///E:/maven/apache-maven-3.9.7/resp/org/webjars/swagger-ui/5.10.3/swagger-ui-5.10.3.jar!/META-INF/resources/],a=AVAILABLE,h=oeje10s.SessionHandler@1940ab62{STARTED}}
2026-01-15 08:53:20.982 [restartedMain] INFO  o.e.j.e.s.ServletContextHandler - Started osbwej.JettyEmbeddedWebAppContext@60700eb2{application,/,b=[file:/C:/Users/Administrator/AppData/Local/Temp/jetty-docbase.3429.2326793145895048463/, jar:file:///E:/maven/apache-maven-3.9.7/resp/org/webjars/swagger-ui/5.10.3/swagger-ui-5.10.3.jar!/META-INF/resources/],a=AVAILABLE,h=oeje10s.SessionHandler@1940ab62{STARTED}}
2026-01-15 08:53:20.989 [restartedMain] INFO  org.eclipse.jetty.server.Server - Started oejs.Server@219e662a{STARTING}[12.0.6,sto=0] @10603ms
2026-01-15 08:53:21.070 [restartedMain] INFO  com.zaxxer.hikari.HikariDataSource - ServerHikariCP - Starting...
2026-01-15 08:53:25.188 [restartedMain] INFO  com.zaxxer.hikari.pool.HikariPool - ServerHikariCP - Added connection com.mysql.cj.jdbc.ConnectionImpl@165f06e1
2026-01-15 08:53:25.190 [restartedMain] INFO  com.zaxxer.hikari.HikariDataSource - ServerHikariCP - Start completed.
2026-01-15 08:53:30.757 [restartedMain] INFO  o.s.b.d.a.OptionalLiveReloadServer - LiveReload server is running on port 35729
2026-01-15 08:53:30.924 [restartedMain] INFO  o.e.j.s.h.ContextHandler.application - Initializing Spring DispatcherServlet 'dispatcherServlet'
2026-01-15 08:53:30.925 [restartedMain] INFO  o.s.web.servlet.DispatcherServlet - Initializing Servlet 'dispatcherServlet'
2026-01-15 08:53:30.927 [restartedMain] INFO  o.s.web.servlet.DispatcherServlet - Completed initialization in 2 ms
2026-01-15 08:53:31.011 [restartedMain] INFO  o.e.jetty.server.AbstractConnector - Started ServerConnector@3573c15c{HTTP/1.1, (http/1.1)}{0.0.0.0:3429}
2026-01-15 08:53:31.013 [restartedMain] INFO  o.s.b.w.e.jetty.JettyWebServer - Jetty started on port 3429 (http/1.1) with context path '/'
2026-01-15 08:53:31.026 [restartedMain] INFO  com.ldz.park.ParkApplication - Started ParkApplication in 18.212 seconds (process running for 20.64)
2026-01-15 09:33:51.073 [SpringApplicationShutdownHook] INFO  o.e.jetty.server.AbstractConnector - Stopped ServerConnector@3573c15c{HTTP/1.1, (http/1.1)}{0.0.0.0:3429}
2026-01-15 09:33:51.167 [SpringApplicationShutdownHook] INFO  com.zaxxer.hikari.HikariDataSource - ServerHikariCP - Shutdown initiated...
2026-01-15 09:33:51.171 [SpringApplicationShutdownHook] INFO  com.zaxxer.hikari.HikariDataSource - ServerHikariCP - Shutdown completed.
2026-01-15 09:33:51.173 [SpringApplicationShutdownHook] INFO  org.eclipse.jetty.server.Server - Stopped oejs.Server@219e662a{STOPPING}[12.0.6,sto=0]
2026-01-15 09:33:51.255 [SpringApplicationShutdownHook] INFO  o.e.j.s.h.ContextHandler.application - Destroying Spring FrameworkServlet 'dispatcherServlet'
2026-01-15 09:33:51.267 [SpringApplicationShutdownHook] INFO  o.e.j.e.s.ServletContextHandler - Stopped osbwej.JettyEmbeddedWebAppContext@60700eb2{application,/,b=[file:/C:/Users/Administrator/AppData/Local/Temp/jetty-docbase.3429.2326793145895048463/, jar:file:///E:/maven/apache-maven-3.9.7/resp/org/webjars/swagger-ui/5.10.3/swagger-ui-5.10.3.jar!/META-INF/resources/],a=AVAILABLE,h=oeje10s.SessionHandler@1940ab62{STOPPED}}
2026-01-15 09:34:18.812 [background-preinit] INFO  o.h.validator.internal.util.Version - HV000001: Hibernate Validator 8.0.1.Final
2026-01-15 09:34:18.928 [restartedMain] INFO  com.ldz.park.ParkApplication - Starting ParkApplication using Java 21.0.2 with PID 5840 (G:\个人项目\2023年\park\target\classes started by Administrator in G:\个人项目\2023年\park)
2026-01-15 09:34:18.929 [restartedMain] INFO  com.ldz.park.ParkApplication - The following 1 profile is active: "dev"
2026-01-15 09:34:19.086 [restartedMain] INFO  o.s.b.d.e.DevToolsPropertyDefaultsPostProcessor - Devtools property defaults active! Set 'spring.devtools.add-properties' to 'false' to disable
2026-01-15 09:34:19.092 [restartedMain] INFO  o.s.b.d.e.DevToolsPropertyDefaultsPostProcessor - For additional web related logging consider setting the 'logging.level.web' property to 'DEBUG'
2026-01-15 09:34:22.576 [restartedMain] INFO  o.s.d.r.c.RepositoryConfigurationDelegate - Multiple Spring Data modules found, entering strict repository configuration mode
2026-01-15 09:34:22.579 [restartedMain] INFO  o.s.d.r.c.RepositoryConfigurationDelegate - Bootstrapping Spring Data Redis repositories in DEFAULT mode.
2026-01-15 09:34:22.617 [restartedMain] INFO  o.s.d.r.c.RepositoryConfigurationDelegate - Finished Spring Data repository scanning in 22 ms. Found 0 Redis repository interfaces.
2026-01-15 09:34:25.459 [restartedMain] INFO  o.s.b.w.e.j.JettyServletWebServerFactory - Server initialized with port: 3429
2026-01-15 09:34:25.465 [restartedMain] INFO  org.eclipse.jetty.server.Server - jetty-12.0.6; built: 2024-01-30T02:43:24.387Z; git: 78ab6e6ba163f89cdd97f2ae0283fbb5e371cfaf; jvm 21.0.2+13-LTS-58
2026-01-15 09:34:25.776 [restartedMain] INFO  o.e.j.s.h.ContextHandler.application - Initializing Spring embedded WebApplicationContext
2026-01-15 09:34:25.777 [restartedMain] INFO  o.s.b.w.s.c.ServletWebServerApplicationContext - Root WebApplicationContext: initialization completed in 6684 ms
2026-01-15 09:34:26.464 [restartedMain] INFO  o.e.j.s.DefaultSessionIdManager - Session workerName=node0
2026-01-15 09:34:26.477 [restartedMain] INFO  o.e.j.server.handler.ContextHandler - Started osbwej.JettyEmbeddedWebAppContext@47624d10{application,/,b=[file:/C:/Users/Administrator/AppData/Local/Temp/jetty-docbase.3429.104560359978209341/, jar:file:///E:/maven/apache-maven-3.9.7/resp/org/webjars/swagger-ui/5.10.3/swagger-ui-5.10.3.jar!/META-INF/resources/],a=AVAILABLE,h=oeje10s.SessionHandler@b04f85e{STARTED}}
2026-01-15 09:34:26.478 [restartedMain] INFO  o.e.j.e.s.ServletContextHandler - Started osbwej.JettyEmbeddedWebAppContext@47624d10{application,/,b=[file:/C:/Users/Administrator/AppData/Local/Temp/jetty-docbase.3429.104560359978209341/, jar:file:///E:/maven/apache-maven-3.9.7/resp/org/webjars/swagger-ui/5.10.3/swagger-ui-5.10.3.jar!/META-INF/resources/],a=AVAILABLE,h=oeje10s.SessionHandler@b04f85e{STARTED}}
2026-01-15 09:34:26.486 [restartedMain] INFO  org.eclipse.jetty.server.Server - Started oejs.Server@74dd55e9{STARTING}[12.0.6,sto=0] @14991ms
2026-01-15 09:34:26.569 [restartedMain] INFO  com.zaxxer.hikari.HikariDataSource - ServerHikariCP - Starting...
2026-01-15 09:34:30.376 [restartedMain] INFO  com.zaxxer.hikari.pool.HikariPool - ServerHikariCP - Added connection com.mysql.cj.jdbc.ConnectionImpl@3a5705e1
2026-01-15 09:34:30.378 [restartedMain] INFO  com.zaxxer.hikari.HikariDataSource - ServerHikariCP - Start completed.
2026-01-15 09:34:33.176 [restartedMain] INFO  o.s.b.d.a.OptionalLiveReloadServer - LiveReload server is running on port 35729
2026-01-15 09:34:33.217 [restartedMain] INFO  o.e.j.s.h.ContextHandler.application - Initializing Spring DispatcherServlet 'dispatcherServlet'
2026-01-15 09:34:33.217 [restartedMain] INFO  o.s.web.servlet.DispatcherServlet - Initializing Servlet 'dispatcherServlet'
2026-01-15 09:34:33.219 [restartedMain] INFO  o.s.web.servlet.DispatcherServlet - Completed initialization in 2 ms
2026-01-15 09:34:33.261 [restartedMain] INFO  o.e.jetty.server.AbstractConnector - Started ServerConnector@708cfefc{HTTP/1.1, (http/1.1)}{0.0.0.0:3429}
2026-01-15 09:34:33.262 [restartedMain] INFO  o.s.b.w.e.jetty.JettyWebServer - Jetty started on port 3429 (http/1.1) with context path '/'
2026-01-15 09:34:33.278 [restartedMain] INFO  com.ldz.park.ParkApplication - Started ParkApplication in 18.361 seconds (process running for 21.783)
2026-01-15 10:05:02.759 [SpringApplicationShutdownHook] INFO  o.e.jetty.server.AbstractConnector - Stopped ServerConnector@708cfefc{HTTP/1.1, (http/1.1)}{0.0.0.0:3429}
2026-01-15 10:05:02.902 [SpringApplicationShutdownHook] INFO  com.zaxxer.hikari.HikariDataSource - ServerHikariCP - Shutdown initiated...
2026-01-15 10:05:02.905 [SpringApplicationShutdownHook] INFO  com.zaxxer.hikari.HikariDataSource - ServerHikariCP - Shutdown completed.
2026-01-15 10:05:02.906 [SpringApplicationShutdownHook] INFO  org.eclipse.jetty.server.Server - Stopped oejs.Server@74dd55e9{STOPPING}[12.0.6,sto=0]
2026-01-15 10:05:02.911 [SpringApplicationShutdownHook] INFO  o.e.j.s.h.ContextHandler.application - Destroying Spring FrameworkServlet 'dispatcherServlet'
2026-01-15 10:05:02.915 [SpringApplicationShutdownHook] INFO  o.e.j.e.s.ServletContextHandler - Stopped osbwej.JettyEmbeddedWebAppContext@47624d10{application,/,b=[file:/C:/Users/Administrator/AppData/Local/Temp/jetty-docbase.3429.104560359978209341/, jar:file:///E:/maven/apache-maven-3.9.7/resp/org/webjars/swagger-ui/5.10.3/swagger-ui-5.10.3.jar!/META-INF/resources/],a=AVAILABLE,h=oeje10s.SessionHandler@b04f85e{STOPPED}}
2026-01-15 10:05:21.576 [background-preinit] INFO  o.h.validator.internal.util.Version - HV000001: Hibernate Validator 8.0.1.Final
2026-01-15 10:05:21.607 [restartedMain] INFO  com.ldz.park.ParkApplication - Starting ParkApplication using Java 21.0.2 with PID 17208 (G:\个人项目\2023年\park\target\classes started by Administrator in G:\个人项目\2023年\park)
2026-01-15 10:05:21.608 [restartedMain] INFO  com.ldz.park.ParkApplication - The following 1 profile is active: "dev"
2026-01-15 10:05:21.861 [restartedMain] INFO  o.s.b.d.e.DevToolsPropertyDefaultsPostProcessor - Devtools property defaults active! Set 'spring.devtools.add-properties' to 'false' to disable
2026-01-15 10:05:21.861 [restartedMain] INFO  o.s.b.d.e.DevToolsPropertyDefaultsPostProcessor - For additional web related logging consider setting the 'logging.level.web' property to 'DEBUG'
2026-01-15 10:05:25.215 [restartedMain] INFO  o.s.d.r.c.RepositoryConfigurationDelegate - Multiple Spring Data modules found, entering strict repository configuration mode
2026-01-15 10:05:25.224 [restartedMain] INFO  o.s.d.r.c.RepositoryConfigurationDelegate - Bootstrapping Spring Data Redis repositories in DEFAULT mode.
2026-01-15 10:05:25.330 [restartedMain] INFO  o.s.d.r.c.RepositoryConfigurationDelegate - Finished Spring Data repository scanning in 62 ms. Found 0 Redis repository interfaces.
2026-01-15 10:05:30.547 [restartedMain] INFO  o.s.b.w.e.j.JettyServletWebServerFactory - Server initialized with port: 3429
2026-01-15 10:05:30.551 [restartedMain] INFO  org.eclipse.jetty.server.Server - jetty-12.0.6; built: 2024-01-30T02:43:24.387Z; git: 78ab6e6ba163f89cdd97f2ae0283fbb5e371cfaf; jvm 21.0.2+13-LTS-58
2026-01-15 10:05:30.683 [restartedMain] INFO  o.e.j.s.h.ContextHandler.application - Initializing Spring embedded WebApplicationContext
2026-01-15 10:05:30.684 [restartedMain] INFO  o.s.b.w.s.c.ServletWebServerApplicationContext - Root WebApplicationContext: initialization completed in 8821 ms
2026-01-15 10:05:30.815 [restartedMain] INFO  o.e.j.s.DefaultSessionIdManager - Session workerName=node0
2026-01-15 10:05:30.826 [restartedMain] INFO  o.e.j.server.handler.ContextHandler - Started osbwej.JettyEmbeddedWebAppContext@c1f1678{application,/,b=[file:/C:/Users/Administrator/AppData/Local/Temp/jetty-docbase.3429.3889507996005819542/, jar:file:///E:/maven/apache-maven-3.9.7/resp/org/webjars/swagger-ui/5.10.3/swagger-ui-5.10.3.jar!/META-INF/resources/],a=AVAILABLE,h=oeje10s.SessionHandler@3f2747d1{STARTED}}
2026-01-15 10:05:30.828 [restartedMain] INFO  o.e.j.e.s.ServletContextHandler - Started osbwej.JettyEmbeddedWebAppContext@c1f1678{application,/,b=[file:/C:/Users/Administrator/AppData/Local/Temp/jetty-docbase.3429.3889507996005819542/, jar:file:///E:/maven/apache-maven-3.9.7/resp/org/webjars/swagger-ui/5.10.3/swagger-ui-5.10.3.jar!/META-INF/resources/],a=AVAILABLE,h=oeje10s.SessionHandler@3f2747d1{STARTED}}
2026-01-15 10:05:30.831 [restartedMain] INFO  org.eclipse.jetty.server.Server - Started oejs.Server@2473b471{STARTING}[12.0.6,sto=0] @13042ms
2026-01-15 10:05:30.908 [restartedMain] INFO  com.zaxxer.hikari.HikariDataSource - ServerHikariCP - Starting...
2026-01-15 10:05:34.563 [restartedMain] INFO  com.zaxxer.hikari.pool.HikariPool - ServerHikariCP - Added connection com.mysql.cj.jdbc.ConnectionImpl@7304147
2026-01-15 10:05:34.565 [restartedMain] INFO  com.zaxxer.hikari.HikariDataSource - ServerHikariCP - Start completed.
2026-01-15 10:05:36.765 [restartedMain] INFO  o.s.b.d.a.OptionalLiveReloadServer - LiveReload server is running on port 35729
2026-01-15 10:05:36.786 [restartedMain] INFO  o.e.j.s.h.ContextHandler.application - Initializing Spring DispatcherServlet 'dispatcherServlet'
2026-01-15 10:05:36.786 [restartedMain] INFO  o.s.web.servlet.DispatcherServlet - Initializing Servlet 'dispatcherServlet'
2026-01-15 10:05:36.787 [restartedMain] INFO  o.s.web.servlet.DispatcherServlet - Completed initialization in 1 ms
2026-01-15 10:05:36.825 [restartedMain] INFO  o.e.jetty.server.AbstractConnector - Started ServerConnector@4d7dbf99{HTTP/1.1, (http/1.1)}{0.0.0.0:3429}
2026-01-15 10:05:36.826 [restartedMain] INFO  o.s.b.w.e.jetty.JettyWebServer - Jetty started on port 3429 (http/1.1) with context path '/'
2026-01-15 10:05:36.838 [restartedMain] INFO  com.ldz.park.ParkApplication - Started ParkApplication in 17.147 seconds (process running for 19.05)
2026-01-15 10:12:54.844 [SpringApplicationShutdownHook] INFO  o.e.jetty.server.AbstractConnector - Stopped ServerConnector@4d7dbf99{HTTP/1.1, (http/1.1)}{0.0.0.0:3429}
2026-01-15 10:12:54.869 [SpringApplicationShutdownHook] INFO  com.zaxxer.hikari.HikariDataSource - ServerHikariCP - Shutdown initiated...
2026-01-15 10:12:57.963 [SpringApplicationShutdownHook] INFO  com.zaxxer.hikari.HikariDataSource - ServerHikariCP - Shutdown completed.
2026-01-15 10:12:57.967 [SpringApplicationShutdownHook] INFO  org.eclipse.jetty.server.Server - Stopped oejs.Server@2473b471{STOPPING}[12.0.6,sto=0]
2026-01-15 10:12:57.982 [SpringApplicationShutdownHook] INFO  o.e.j.s.h.ContextHandler.application - Destroying Spring FrameworkServlet 'dispatcherServlet'
2026-01-15 10:12:57.989 [SpringApplicationShutdownHook] INFO  o.e.j.e.s.ServletContextHandler - Stopped osbwej.JettyEmbeddedWebAppContext@c1f1678{application,/,b=[file:/C:/Users/Administrator/AppData/Local/Temp/jetty-docbase.3429.3889507996005819542/, jar:file:///E:/maven/apache-maven-3.9.7/resp/org/webjars/swagger-ui/5.10.3/swagger-ui-5.10.3.jar!/META-INF/resources/],a=AVAILABLE,h=oeje10s.SessionHandler@3f2747d1{STOPPED}}
2026-01-15 10:13:12.175 [background-preinit] INFO  o.h.validator.internal.util.Version - HV000001: Hibernate Validator 8.0.1.Final
2026-01-15 10:13:12.214 [restartedMain] INFO  com.ldz.park.ParkApplication - Starting ParkApplication using Java 21.0.2 with PID 1604 (G:\个人项目\2023年\park\target\classes started by Administrator in G:\个人项目\2023年\park)
2026-01-15 10:13:12.215 [restartedMain] INFO  com.ldz.park.ParkApplication - The following 1 profile is active: "dev"
2026-01-15 10:13:12.283 [restartedMain] INFO  o.s.b.d.e.DevToolsPropertyDefaultsPostProcessor - Devtools property defaults active! Set 'spring.devtools.add-properties' to 'false' to disable
2026-01-15 10:13:12.284 [restartedMain] INFO  o.s.b.d.e.DevToolsPropertyDefaultsPostProcessor - For additional web related logging consider setting the 'logging.level.web' property to 'DEBUG'
2026-01-15 10:13:14.410 [restartedMain] INFO  o.s.d.r.c.RepositoryConfigurationDelegate - Multiple Spring Data modules found, entering strict repository configuration mode
2026-01-15 10:13:14.413 [restartedMain] INFO  o.s.d.r.c.RepositoryConfigurationDelegate - Bootstrapping Spring Data Redis repositories in DEFAULT mode.
2026-01-15 10:13:14.450 [restartedMain] INFO  o.s.d.r.c.RepositoryConfigurationDelegate - Finished Spring Data repository scanning in 21 ms. Found 0 Redis repository interfaces.
2026-01-15 10:13:15.669 [restartedMain] INFO  o.s.b.w.e.j.JettyServletWebServerFactory - Server initialized with port: 3429
2026-01-15 10:13:15.673 [restartedMain] INFO  org.eclipse.jetty.server.Server - jetty-12.0.6; built: 2024-01-30T02:43:24.387Z; git: 78ab6e6ba163f89cdd97f2ae0283fbb5e371cfaf; jvm 21.0.2+13-LTS-58
2026-01-15 10:13:15.707 [restartedMain] INFO  o.e.j.s.h.ContextHandler.application - Initializing Spring embedded WebApplicationContext
2026-01-15 10:13:15.708 [restartedMain] INFO  o.s.b.w.s.c.ServletWebServerApplicationContext - Root WebApplicationContext: initialization completed in 3423 ms
2026-01-15 10:13:15.768 [restartedMain] INFO  o.e.j.s.DefaultSessionIdManager - Session workerName=node0
2026-01-15 10:13:15.776 [restartedMain] INFO  o.e.j.server.handler.ContextHandler - Started osbwej.JettyEmbeddedWebAppContext@54bcbfa7{application,/,b=[file:/C:/Users/Administrator/AppData/Local/Temp/jetty-docbase.3429.14979551775402977505/, jar:file:///E:/maven/apache-maven-3.9.7/resp/org/webjars/swagger-ui/5.10.3/swagger-ui-5.10.3.jar!/META-INF/resources/],a=AVAILABLE,h=oeje10s.SessionHandler@3b80e126{STARTED}}
2026-01-15 10:13:15.778 [restartedMain] INFO  o.e.j.e.s.ServletContextHandler - Started osbwej.JettyEmbeddedWebAppContext@54bcbfa7{application,/,b=[file:/C:/Users/Administrator/AppData/Local/Temp/jetty-docbase.3429.14979551775402977505/, jar:file:///E:/maven/apache-maven-3.9.7/resp/org/webjars/swagger-ui/5.10.3/swagger-ui-5.10.3.jar!/META-INF/resources/],a=AVAILABLE,h=oeje10s.SessionHandler@3b80e126{STARTED}}
2026-01-15 10:13:15.781 [restartedMain] INFO  org.eclipse.jetty.server.Server - Started oejs.Server@10ecad7b{STARTING}[12.0.6,sto=0] @5286ms
2026-01-15 10:13:15.846 [restartedMain] INFO  com.zaxxer.hikari.HikariDataSource - ServerHikariCP - Starting...
2026-01-15 10:13:19.041 [restartedMain] INFO  com.zaxxer.hikari.pool.HikariPool - ServerHikariCP - Added connection com.mysql.cj.jdbc.ConnectionImpl@b2d576a
2026-01-15 10:13:19.047 [restartedMain] INFO  com.zaxxer.hikari.HikariDataSource - ServerHikariCP - Start completed.
2026-01-15 10:13:20.472 [restartedMain] INFO  o.s.b.d.a.OptionalLiveReloadServer - LiveReload server is running on port 35729
2026-01-15 10:13:20.492 [restartedMain] INFO  o.e.j.s.h.ContextHandler.application - Initializing Spring DispatcherServlet 'dispatcherServlet'
2026-01-15 10:13:20.493 [restartedMain] INFO  o.s.web.servlet.DispatcherServlet - Initializing Servlet 'dispatcherServlet'
2026-01-15 10:13:20.494 [restartedMain] INFO  o.s.web.servlet.DispatcherServlet - Completed initialization in 1 ms
2026-01-15 10:13:20.523 [restartedMain] INFO  o.e.jetty.server.AbstractConnector - Started ServerConnector@56d3575a{HTTP/1.1, (http/1.1)}{0.0.0.0:3429}
2026-01-15 10:13:20.525 [restartedMain] INFO  o.s.b.w.e.jetty.JettyWebServer - Jetty started on port 3429 (http/1.1) with context path '/'
2026-01-15 10:13:20.538 [restartedMain] INFO  com.ldz.park.ParkApplication - Started ParkApplication in 9.005 seconds (process running for 10.044)
2026-01-15 18:55:43.484 [SpringApplicationShutdownHook] INFO  o.e.jetty.server.AbstractConnector - Stopped ServerConnector@56d3575a{HTTP/1.1, (http/1.1)}{0.0.0.0:3429}
2026-01-15 18:55:46.254 [SpringApplicationShutdownHook] INFO  com.zaxxer.hikari.HikariDataSource - ServerHikariCP - Shutdown initiated...
2026-01-15 18:55:47.347 [SpringApplicationShutdownHook] INFO  com.zaxxer.hikari.HikariDataSource - ServerHikariCP - Shutdown completed.
2026-01-15 18:55:47.573 [SpringApplicationShutdownHook] INFO  org.eclipse.jetty.server.Server - Stopped oejs.Server@10ecad7b{STOPPING}[12.0.6,sto=0]
2026-01-15 18:55:48.260 [SpringApplicationShutdownHook] INFO  o.e.j.s.h.ContextHandler.application - Destroying Spring FrameworkServlet 'dispatcherServlet'
2026-01-15 18:55:48.457 [SpringApplicationShutdownHook] INFO  o.e.j.e.s.ServletContextHandler - Stopped osbwej.JettyEmbeddedWebAppContext@54bcbfa7{application,/,b=[file:/C:/Users/Administrator/AppData/Local/Temp/jetty-docbase.3429.14979551775402977505/, jar:file:///E:/maven/apache-maven-3.9.7/resp/org/webjars/swagger-ui/5.10.3/swagger-ui-5.10.3.jar!/META-INF/resources/],a=AVAILABLE,h=oeje10s.SessionHandler@3b80e126{STOPPED}}
2026-01-15 19:14:56.648 [restartedMain] INFO  com.ldz.park.ParkApplication - Starting ParkApplication using Java 21.0.2 with PID 22608 (G:\个人项目\2023年\park\target\classes started by Administrator in G:\个人项目\2023年\park)
2026-01-15 19:14:56.653 [restartedMain] INFO  com.ldz.park.ParkApplication - The following 1 profile is active: "dev"
2026-01-15 19:14:56.712 [background-preinit] INFO  o.h.validator.internal.util.Version - HV000001: Hibernate Validator 8.0.1.Final
2026-01-15 19:14:57.145 [restartedMain] INFO  o.s.b.d.e.DevToolsPropertyDefaultsPostProcessor - Devtools property defaults active! Set 'spring.devtools.add-properties' to 'false' to disable
2026-01-15 19:14:57.145 [restartedMain] INFO  o.s.b.d.e.DevToolsPropertyDefaultsPostProcessor - For additional web related logging consider setting the 'logging.level.web' property to 'DEBUG'
2026-01-15 19:15:21.386 [restartedMain] INFO  o.s.d.r.c.RepositoryConfigurationDelegate - Multiple Spring Data modules found, entering strict repository configuration mode
2026-01-15 19:15:21.444 [restartedMain] INFO  o.s.d.r.c.RepositoryConfigurationDelegate - Bootstrapping Spring Data Redis repositories in DEFAULT mode.
2026-01-15 19:15:21.758 [restartedMain] INFO  o.s.d.r.c.RepositoryConfigurationDelegate - Finished Spring Data repository scanning in 188 ms. Found 0 Redis repository interfaces.
2026-01-15 19:15:29.846 [restartedMain] INFO  o.s.b.w.e.j.JettyServletWebServerFactory - Server initialized with port: 3429
2026-01-15 19:15:29.856 [restartedMain] INFO  org.eclipse.jetty.server.Server - jetty-12.0.6; built: 2024-01-30T02:43:24.387Z; git: 78ab6e6ba163f89cdd97f2ae0283fbb5e371cfaf; jvm 21.0.2+13-LTS-58
2026-01-15 19:15:30.023 [restartedMain] INFO  o.e.j.s.h.ContextHandler.application - Initializing Spring embedded WebApplicationContext
2026-01-15 19:15:30.025 [restartedMain] INFO  o.s.b.w.s.c.ServletWebServerApplicationContext - Root WebApplicationContext: initialization completed in 32878 ms
2026-01-15 19:15:30.719 [restartedMain] INFO  o.e.j.s.DefaultSessionIdManager - Session workerName=node0
2026-01-15 19:15:30.730 [restartedMain] INFO  o.e.j.server.handler.ContextHandler - Started osbwej.JettyEmbeddedWebAppContext@17059e41{application,/,b=[file:/C:/Users/Administrator/AppData/Local/Temp/jetty-docbase.3429.13584344825007459363/, jar:file:///E:/maven/apache-maven-3.9.7/resp/org/webjars/swagger-ui/5.10.3/swagger-ui-5.10.3.jar!/META-INF/resources/],a=AVAILABLE,h=oeje10s.SessionHandler@68f1cbb4{STARTED}}
2026-01-15 19:15:30.732 [restartedMain] INFO  o.e.j.e.s.ServletContextHandler - Started osbwej.JettyEmbeddedWebAppContext@17059e41{application,/,b=[file:/C:/Users/Administrator/AppData/Local/Temp/jetty-docbase.3429.13584344825007459363/, jar:file:///E:/maven/apache-maven-3.9.7/resp/org/webjars/swagger-ui/5.10.3/swagger-ui-5.10.3.jar!/META-INF/resources/],a=AVAILABLE,h=oeje10s.SessionHandler@68f1cbb4{STARTED}}
2026-01-15 19:15:30.737 [restartedMain] INFO  org.eclipse.jetty.server.Server - Started oejs.Server@340b8deb{STARTING}[12.0.6,sto=0] @56091ms
2026-01-15 19:15:31.598 [restartedMain] INFO  com.zaxxer.hikari.HikariDataSource - ServerHikariCP - Starting...
2026-01-15 19:15:35.519 [restartedMain] INFO  com.zaxxer.hikari.pool.HikariPool - ServerHikariCP - Added connection com.mysql.cj.jdbc.ConnectionImpl@21e81d09
2026-01-15 19:15:35.521 [restartedMain] INFO  com.zaxxer.hikari.HikariDataSource - ServerHikariCP - Start completed.
2026-01-15 19:15:44.161 [restartedMain] INFO  o.s.b.d.a.OptionalLiveReloadServer - LiveReload server is running on port 35729
2026-01-15 19:15:44.276 [restartedMain] INFO  o.e.j.s.h.ContextHandler.application - Initializing Spring DispatcherServlet 'dispatcherServlet'
2026-01-15 19:15:44.291 [restartedMain] INFO  o.s.web.servlet.DispatcherServlet - Initializing Servlet 'dispatcherServlet'
2026-01-15 19:15:44.293 [restartedMain] INFO  o.s.web.servlet.DispatcherServlet - Completed initialization in 2 ms
2026-01-15 19:15:44.488 [restartedMain] INFO  o.e.jetty.server.AbstractConnector - Started ServerConnector@18bb7d4b{HTTP/1.1, (http/1.1)}{0.0.0.0:3429}
2026-01-15 19:15:44.489 [restartedMain] INFO  o.s.b.w.e.jetty.JettyWebServer - Jetty started on port 3429 (http/1.1) with context path '/'
2026-01-15 19:15:44.508 [restartedMain] INFO  com.ldz.park.ParkApplication - Started ParkApplication in 61.152 seconds (process running for 69.863)
