2026-01-20 14:42:35.326 [restartedMain] INFO  com.ldz.park.ParkApplication - Starting ParkApplication using Java 21.0.2 with PID 17852 (G:\个人项目\2023年\park\target\classes started by Administrator in G:\个人项目\2023年\park)
2026-01-20 14:42:35.377 [background-preinit] INFO  o.h.validator.internal.util.Version - HV000001: Hibernate Validator 8.0.1.Final
2026-01-20 14:42:35.390 [restartedMain] INFO  com.ldz.park.ParkApplication - The following 1 profile is active: "dev"
2026-01-20 14:42:35.507 [restartedMain] INFO  o.s.b.d.e.DevToolsPropertyDefaultsPostProcessor - Devtools property defaults active! Set 'spring.devtools.add-properties' to 'false' to disable
2026-01-20 14:42:35.508 [restartedMain] INFO  o.s.b.d.e.DevToolsPropertyDefaultsPostProcessor - For additional web related logging consider setting the 'logging.level.web' property to 'DEBUG'
2026-01-20 14:42:36.867 [background-preinit] INFO  o.h.validator.internal.util.Version - HV000001: Hibernate Validator 8.0.1.Final
2026-01-20 14:42:36.919 [restartedMain] INFO  com.ldz.park.ParkApplication - Starting ParkApplication using Java 21.0.2 with PID 6528 (G:\个人项目\2023年\park\target\classes started by Administrator in G:\个人项目\2023年\park)
2026-01-20 14:42:36.919 [restartedMain] INFO  com.ldz.park.ParkApplication - The following 1 profile is active: "dev"
2026-01-20 14:42:36.993 [restartedMain] INFO  o.s.b.d.e.DevToolsPropertyDefaultsPostProcessor - Devtools property defaults active! Set 'spring.devtools.add-properties' to 'false' to disable
2026-01-20 14:42:36.993 [restartedMain] INFO  o.s.b.d.e.DevToolsPropertyDefaultsPostProcessor - For additional web related logging consider setting the 'logging.level.web' property to 'DEBUG'
2026-01-20 14:42:39.139 [restartedMain] INFO  o.s.d.r.c.RepositoryConfigurationDelegate - Multiple Spring Data modules found, entering strict repository configuration mode
2026-01-20 14:42:39.142 [restartedMain] INFO  o.s.d.r.c.RepositoryConfigurationDelegate - Multiple Spring Data modules found, entering strict repository configuration mode
2026-01-20 14:42:39.142 [restartedMain] INFO  o.s.d.r.c.RepositoryConfigurationDelegate - Bootstrapping Spring Data Redis repositories in DEFAULT mode.
2026-01-20 14:42:39.148 [restartedMain] INFO  o.s.d.r.c.RepositoryConfigurationDelegate - Bootstrapping Spring Data Redis repositories in DEFAULT mode.
2026-01-20 14:42:39.193 [restartedMain] INFO  o.s.d.r.c.RepositoryConfigurationDelegate - Finished Spring Data repository scanning in 26 ms. Found 0 Redis repository interfaces.
2026-01-20 14:42:39.197 [restartedMain] INFO  o.s.d.r.c.RepositoryConfigurationDelegate - Finished Spring Data repository scanning in 34 ms. Found 0 Redis repository interfaces.
2026-01-20 14:42:41.577 [restartedMain] INFO  o.s.b.w.e.j.JettyServletWebServerFactory - Server initialized with port: 3429
2026-01-20 14:42:41.578 [restartedMain] INFO  o.s.b.w.e.j.JettyServletWebServerFactory - Server initialized with port: 3429
2026-01-20 14:42:41.583 [restartedMain] INFO  org.eclipse.jetty.server.Server - jetty-12.0.6; built: 2024-01-30T02:43:24.387Z; git: 78ab6e6ba163f89cdd97f2ae0283fbb5e371cfaf; jvm 21.0.2+13-LTS-58
2026-01-20 14:42:41.583 [restartedMain] INFO  org.eclipse.jetty.server.Server - jetty-12.0.6; built: 2024-01-30T02:43:24.387Z; git: 78ab6e6ba163f89cdd97f2ae0283fbb5e371cfaf; jvm 21.0.2+13-LTS-58
2026-01-20 14:42:41.622 [restartedMain] INFO  o.e.j.s.h.ContextHandler.application - Initializing Spring embedded WebApplicationContext
2026-01-20 14:42:41.623 [restartedMain] INFO  o.s.b.w.s.c.ServletWebServerApplicationContext - Root WebApplicationContext: initialization completed in 4629 ms
2026-01-20 14:42:41.630 [restartedMain] INFO  o.e.j.s.h.ContextHandler.application - Initializing Spring embedded WebApplicationContext
2026-01-20 14:42:41.631 [restartedMain] INFO  o.s.b.w.s.c.ServletWebServerApplicationContext - Root WebApplicationContext: initialization completed in 6121 ms
2026-01-20 14:42:41.918 [restartedMain] INFO  o.e.j.s.DefaultSessionIdManager - Session workerName=node0
2026-01-20 14:42:41.933 [restartedMain] INFO  o.e.j.server.handler.ContextHandler - Started osbwej.JettyEmbeddedWebAppContext@508bf1db{application,/,b=[file:/C:/Users/Administrator/AppData/Local/Temp/jetty-docbase.3429.8997771805608269673/, jar:file:///E:/maven/apache-maven-3.9.7/resp/org/webjars/swagger-ui/5.10.3/swagger-ui-5.10.3.jar!/META-INF/resources/],a=AVAILABLE,h=oeje10s.SessionHandler@7df6629f{STARTED}}
2026-01-20 14:42:41.934 [restartedMain] INFO  o.e.j.e.s.ServletContextHandler - Started osbwej.JettyEmbeddedWebAppContext@508bf1db{application,/,b=[file:/C:/Users/Administrator/AppData/Local/Temp/jetty-docbase.3429.8997771805608269673/, jar:file:///E:/maven/apache-maven-3.9.7/resp/org/webjars/swagger-ui/5.10.3/swagger-ui-5.10.3.jar!/META-INF/resources/],a=AVAILABLE,h=oeje10s.SessionHandler@7df6629f{STARTED}}
2026-01-20 14:42:41.940 [restartedMain] INFO  o.e.j.s.DefaultSessionIdManager - Session workerName=node0
2026-01-20 14:42:41.940 [restartedMain] INFO  org.eclipse.jetty.server.Server - Started oejs.Server@1459ed47{STARTING}[12.0.6,sto=0] @17690ms
2026-01-20 14:42:41.954 [restartedMain] INFO  o.e.j.server.handler.ContextHandler - Started osbwej.JettyEmbeddedWebAppContext@b04f85e{application,/,b=[file:/C:/Users/Administrator/AppData/Local/Temp/jetty-docbase.3429.7449437211460206531/, jar:file:///E:/maven/apache-maven-3.9.7/resp/org/webjars/swagger-ui/5.10.3/swagger-ui-5.10.3.jar!/META-INF/resources/],a=AVAILABLE,h=oeje10s.SessionHandler@2a7fafec{STARTED}}
2026-01-20 14:42:41.954 [restartedMain] INFO  o.e.j.e.s.ServletContextHandler - Started osbwej.JettyEmbeddedWebAppContext@b04f85e{application,/,b=[file:/C:/Users/Administrator/AppData/Local/Temp/jetty-docbase.3429.7449437211460206531/, jar:file:///E:/maven/apache-maven-3.9.7/resp/org/webjars/swagger-ui/5.10.3/swagger-ui-5.10.3.jar!/META-INF/resources/],a=AVAILABLE,h=oeje10s.SessionHandler@2a7fafec{STARTED}}
2026-01-20 14:42:41.957 [restartedMain] INFO  org.eclipse.jetty.server.Server - Started oejs.Server@491b24db{STARTING}[12.0.6,sto=0] @8163ms
2026-01-20 14:42:42.092 [restartedMain] INFO  com.zaxxer.hikari.HikariDataSource - ServerHikariCP - Starting...
2026-01-20 14:42:42.097 [restartedMain] INFO  com.zaxxer.hikari.HikariDataSource - ServerHikariCP - Starting...
2026-01-20 14:42:42.852 [restartedMain] INFO  com.zaxxer.hikari.pool.HikariPool - ServerHikariCP - Added connection com.mysql.cj.jdbc.ConnectionImpl@2a9c0f90
2026-01-20 14:42:42.857 [restartedMain] INFO  com.zaxxer.hikari.HikariDataSource - ServerHikariCP - Start completed.
2026-01-20 14:42:42.883 [restartedMain] INFO  com.zaxxer.hikari.pool.HikariPool - ServerHikariCP - Added connection com.mysql.cj.jdbc.ConnectionImpl@670e1909
2026-01-20 14:42:42.885 [restartedMain] INFO  com.zaxxer.hikari.HikariDataSource - ServerHikariCP - Start completed.
2026-01-20 14:42:57.113 [restartedMain] INFO  o.e.j.s.h.ContextHandler.application - Initializing Spring DispatcherServlet 'dispatcherServlet'
2026-01-20 14:42:57.113 [restartedMain] INFO  o.s.web.servlet.DispatcherServlet - Initializing Servlet 'dispatcherServlet'
2026-01-20 14:42:57.114 [restartedMain] INFO  o.s.web.servlet.DispatcherServlet - Completed initialization in 1 ms
2026-01-20 14:42:57.117 [restartedMain] INFO  o.s.b.d.a.OptionalLiveReloadServer - LiveReload server is running on port 35729
2026-01-20 14:42:57.498 [restartedMain] INFO  o.e.j.s.h.ContextHandler.application - Initializing Spring DispatcherServlet 'dispatcherServlet'
2026-01-20 14:42:57.498 [restartedMain] INFO  o.s.web.servlet.DispatcherServlet - Initializing Servlet 'dispatcherServlet'
2026-01-20 14:42:57.500 [restartedMain] INFO  o.s.web.servlet.DispatcherServlet - Completed initialization in 2 ms
2026-01-20 14:42:57.504 [restartedMain] INFO  org.eclipse.jetty.server.Server - Stopped oejs.Server@1459ed47{STOPPING}[12.0.6,sto=0]
2026-01-20 14:42:57.505 [restartedMain] INFO  o.e.jetty.server.AbstractConnector - Stopped ServerConnector@4572dffd{HTTP/1.1, (http/1.1)}{0.0.0.0:3429}
2026-01-20 14:42:57.510 [restartedMain] INFO  o.e.j.s.h.ContextHandler.application - Destroying Spring FrameworkServlet 'dispatcherServlet'
2026-01-20 14:42:57.777 [restartedMain] INFO  o.e.j.e.s.ServletContextHandler - Stopped osbwej.JettyEmbeddedWebAppContext@508bf1db{application,/,b=[file:/C:/Users/Administrator/AppData/Local/Temp/jetty-docbase.3429.8997771805608269673/, jar:file:///E:/maven/apache-maven-3.9.7/resp/org/webjars/swagger-ui/5.10.3/swagger-ui-5.10.3.jar!/META-INF/resources/],a=AVAILABLE,h=oeje10s.SessionHandler@7df6629f{STOPPED}}
2026-01-20 14:42:58.211 [restartedMain] INFO  o.e.jetty.server.AbstractConnector - Started ServerConnector@6dad1fe{HTTP/1.1, (http/1.1)}{0.0.0.0:3429}
2026-01-20 14:42:58.212 [restartedMain] INFO  o.s.b.w.e.jetty.JettyWebServer - Jetty started on port 3429 (http/1.1) with context path '/'
2026-01-20 14:42:58.234 [restartedMain] INFO  com.ldz.park.ParkApplication - Started ParkApplication in 22.426 seconds (process running for 24.44)
2026-01-20 14:42:59.063 [restartedMain] INFO  com.zaxxer.hikari.HikariDataSource - ServerHikariCP - Shutdown initiated...
2026-01-20 14:42:59.085 [restartedMain] INFO  com.zaxxer.hikari.HikariDataSource - ServerHikariCP - Shutdown completed.
2026-01-20 14:42:59.097 [restartedMain] INFO  o.s.b.a.l.ConditionEvaluationReportLogger - 

Error starting ApplicationContext. To display the condition evaluation report re-run your application with 'debug' enabled.
