2026-01-14 10:20:20.028 [SpringApplicationShutdownHook] INFO  o.e.jetty.server.AbstractConnector - Stopped ServerConnector@148e94e{HTTP/1.1, (http/1.1)}{0.0.0.0:3429}
2026-01-14 10:20:24.300 [SpringApplicationShutdownHook] INFO  com.zaxxer.hikari.HikariDataSource - ServerHikariCP - Shutdown initiated...
2026-01-14 10:20:24.476 [SpringApplicationShutdownHook] INFO  com.zaxxer.hikari.HikariDataSource - ServerHikariCP - Shutdown completed.
2026-01-14 10:20:24.521 [SpringApplicationShutdownHook] INFO  org.eclipse.jetty.server.Server - Stopped oejs.Server@63544352{STOPPING}[12.0.6,sto=0]
2026-01-14 10:20:24.875 [SpringApplicationShutdownHook] INFO  o.e.j.s.h.ContextHandler.application - Destroying Spring FrameworkServlet 'dispatcherServlet'
2026-01-14 10:20:24.983 [SpringApplicationShutdownHook] INFO  o.e.j.e.s.ServletContextHandler - Stopped osbwej.JettyEmbeddedWebAppContext@50eca729{application,/,b=[file:/C:/Users/Administrator/AppData/Local/Temp/jetty-docbase.3429.15088806331067180786/, jar:file:///E:/maven/apache-maven-3.9.7/resp/org/webjars/swagger-ui/5.10.3/swagger-ui-5.10.3.jar!/META-INF/resources/],a=AVAILABLE,h=oeje10s.SessionHandler@5bcc48bc{STOPPED}}
2026-01-14 10:29:07.414 [background-preinit] INFO  o.h.validator.internal.util.Version - HV000001: Hibernate Validator 8.0.1.Final
2026-01-14 10:29:07.430 [restartedMain] INFO  com.ldz.park.ParkApplication - Starting ParkApplication using Java 21.0.2 with PID 4436 (G:\个人项目\2023年\park\target\classes started by Administrator in G:\个人项目\2023年\park)
2026-01-14 10:29:07.454 [restartedMain] INFO  com.ldz.park.ParkApplication - The following 1 profile is active: "dev"
2026-01-14 10:29:07.570 [restartedMain] INFO  o.s.b.d.e.DevToolsPropertyDefaultsPostProcessor - Devtools property defaults active! Set 'spring.devtools.add-properties' to 'false' to disable
2026-01-14 10:29:07.571 [restartedMain] INFO  o.s.b.d.e.DevToolsPropertyDefaultsPostProcessor - For additional web related logging consider setting the 'logging.level.web' property to 'DEBUG'
2026-01-14 10:29:09.448 [restartedMain] INFO  o.s.d.r.c.RepositoryConfigurationDelegate - Multiple Spring Data modules found, entering strict repository configuration mode
2026-01-14 10:29:09.452 [restartedMain] INFO  o.s.d.r.c.RepositoryConfigurationDelegate - Bootstrapping Spring Data Redis repositories in DEFAULT mode.
2026-01-14 10:29:09.503 [restartedMain] INFO  o.s.d.r.c.RepositoryConfigurationDelegate - Finished Spring Data repository scanning in 32 ms. Found 0 Redis repository interfaces.
2026-01-14 10:29:11.345 [restartedMain] INFO  o.s.b.w.e.j.JettyServletWebServerFactory - Server initialized with port: 3429
2026-01-14 10:29:11.373 [restartedMain] INFO  org.eclipse.jetty.server.Server - jetty-12.0.6; built: 2024-01-30T02:43:24.387Z; git: 78ab6e6ba163f89cdd97f2ae0283fbb5e371cfaf; jvm 21.0.2+13-LTS-58
2026-01-14 10:29:11.494 [restartedMain] INFO  o.e.j.s.h.ContextHandler.application - Initializing Spring embedded WebApplicationContext
2026-01-14 10:29:11.499 [restartedMain] INFO  o.s.b.w.s.c.ServletWebServerApplicationContext - Root WebApplicationContext: initialization completed in 3928 ms
2026-01-14 10:29:11.595 [restartedMain] INFO  o.e.j.s.DefaultSessionIdManager - Session workerName=node0
2026-01-14 10:29:11.611 [restartedMain] INFO  o.e.j.server.handler.ContextHandler - Started osbwej.JettyEmbeddedWebAppContext@9c9c27e{application,/,b=[file:/C:/Users/Administrator/AppData/Local/Temp/jetty-docbase.3429.13258895569478905494/, jar:file:///E:/maven/apache-maven-3.9.7/resp/org/webjars/swagger-ui/5.10.3/swagger-ui-5.10.3.jar!/META-INF/resources/],a=AVAILABLE,h=oeje10s.SessionHandler@66cb0fd8{STARTED}}
2026-01-14 10:29:11.612 [restartedMain] INFO  o.e.j.e.s.ServletContextHandler - Started osbwej.JettyEmbeddedWebAppContext@9c9c27e{application,/,b=[file:/C:/Users/Administrator/AppData/Local/Temp/jetty-docbase.3429.13258895569478905494/, jar:file:///E:/maven/apache-maven-3.9.7/resp/org/webjars/swagger-ui/5.10.3/swagger-ui-5.10.3.jar!/META-INF/resources/],a=AVAILABLE,h=oeje10s.SessionHandler@66cb0fd8{STARTED}}
2026-01-14 10:29:11.616 [restartedMain] INFO  org.eclipse.jetty.server.Server - Started oejs.Server@6a4511c8{STARTING}[12.0.6,sto=0] @7287ms
2026-01-14 10:29:11.732 [restartedMain] INFO  com.zaxxer.hikari.HikariDataSource - ServerHikariCP - Starting...
2026-01-14 10:29:25.345 [restartedMain] INFO  com.zaxxer.hikari.pool.HikariPool - ServerHikariCP - Added connection com.mysql.cj.jdbc.ConnectionImpl@723df94c
2026-01-14 10:29:25.348 [restartedMain] INFO  com.zaxxer.hikari.HikariDataSource - ServerHikariCP - Start completed.
2026-01-14 10:29:29.359 [restartedMain] INFO  o.s.b.d.a.OptionalLiveReloadServer - LiveReload server is running on port 35729
2026-01-14 10:29:29.382 [restartedMain] INFO  o.e.j.s.h.ContextHandler.application - Initializing Spring DispatcherServlet 'dispatcherServlet'
2026-01-14 10:29:29.382 [restartedMain] INFO  o.s.web.servlet.DispatcherServlet - Initializing Servlet 'dispatcherServlet'
2026-01-14 10:29:29.383 [restartedMain] INFO  o.s.web.servlet.DispatcherServlet - Completed initialization in 1 ms
2026-01-14 10:29:29.443 [restartedMain] INFO  o.e.jetty.server.AbstractConnector - Started ServerConnector@184d6d89{HTTP/1.1, (http/1.1)}{0.0.0.0:3429}
2026-01-14 10:29:29.444 [restartedMain] INFO  o.s.b.w.e.jetty.JettyWebServer - Jetty started on port 3429 (http/1.1) with context path '/'
2026-01-14 10:29:29.458 [restartedMain] INFO  com.ldz.park.ParkApplication - Started ParkApplication in 23.638 seconds (process running for 25.129)
2026-01-14 10:42:09.725 [SpringApplicationShutdownHook] INFO  o.e.jetty.server.AbstractConnector - Stopped ServerConnector@184d6d89{HTTP/1.1, (http/1.1)}{0.0.0.0:3429}
2026-01-14 10:42:09.744 [SpringApplicationShutdownHook] INFO  com.zaxxer.hikari.HikariDataSource - ServerHikariCP - Shutdown initiated...
2026-01-14 10:42:09.747 [SpringApplicationShutdownHook] INFO  com.zaxxer.hikari.HikariDataSource - ServerHikariCP - Shutdown completed.
2026-01-14 10:42:09.749 [SpringApplicationShutdownHook] INFO  org.eclipse.jetty.server.Server - Stopped oejs.Server@6a4511c8{STOPPING}[12.0.6,sto=0]
2026-01-14 10:42:09.756 [SpringApplicationShutdownHook] INFO  o.e.j.s.h.ContextHandler.application - Destroying Spring FrameworkServlet 'dispatcherServlet'
2026-01-14 10:42:09.758 [SpringApplicationShutdownHook] INFO  o.e.j.e.s.ServletContextHandler - Stopped osbwej.JettyEmbeddedWebAppContext@9c9c27e{application,/,b=[file:/C:/Users/Administrator/AppData/Local/Temp/jetty-docbase.3429.13258895569478905494/, jar:file:///E:/maven/apache-maven-3.9.7/resp/org/webjars/swagger-ui/5.10.3/swagger-ui-5.10.3.jar!/META-INF/resources/],a=AVAILABLE,h=oeje10s.SessionHandler@66cb0fd8{STOPPED}}
2026-01-14 10:42:23.610 [background-preinit] INFO  o.h.validator.internal.util.Version - HV000001: Hibernate Validator 8.0.1.Final
2026-01-14 10:42:23.645 [restartedMain] INFO  com.ldz.park.ParkApplication - Starting ParkApplication using Java 21.0.2 with PID 14224 (G:\个人项目\2023年\park\target\classes started by Administrator in G:\个人项目\2023年\park)
2026-01-14 10:42:23.646 [restartedMain] INFO  com.ldz.park.ParkApplication - The following 1 profile is active: "dev"
2026-01-14 10:42:23.724 [restartedMain] INFO  o.s.b.d.e.DevToolsPropertyDefaultsPostProcessor - Devtools property defaults active! Set 'spring.devtools.add-properties' to 'false' to disable
2026-01-14 10:42:23.725 [restartedMain] INFO  o.s.b.d.e.DevToolsPropertyDefaultsPostProcessor - For additional web related logging consider setting the 'logging.level.web' property to 'DEBUG'
2026-01-14 10:42:28.061 [restartedMain] INFO  o.s.d.r.c.RepositoryConfigurationDelegate - Multiple Spring Data modules found, entering strict repository configuration mode
2026-01-14 10:42:28.075 [restartedMain] INFO  o.s.d.r.c.RepositoryConfigurationDelegate - Bootstrapping Spring Data Redis repositories in DEFAULT mode.
2026-01-14 10:42:28.140 [restartedMain] INFO  o.s.d.r.c.RepositoryConfigurationDelegate - Finished Spring Data repository scanning in 31 ms. Found 0 Redis repository interfaces.
2026-01-14 10:42:30.244 [restartedMain] INFO  o.s.b.w.e.j.JettyServletWebServerFactory - Server initialized with port: 3429
2026-01-14 10:42:30.248 [restartedMain] INFO  org.eclipse.jetty.server.Server - jetty-12.0.6; built: 2024-01-30T02:43:24.387Z; git: 78ab6e6ba163f89cdd97f2ae0283fbb5e371cfaf; jvm 21.0.2+13-LTS-58
2026-01-14 10:42:30.288 [restartedMain] INFO  o.e.j.s.h.ContextHandler.application - Initializing Spring embedded WebApplicationContext
2026-01-14 10:42:30.289 [restartedMain] INFO  o.s.b.w.s.c.ServletWebServerApplicationContext - Root WebApplicationContext: initialization completed in 6564 ms
2026-01-14 10:42:30.418 [restartedMain] INFO  o.e.j.s.DefaultSessionIdManager - Session workerName=node0
2026-01-14 10:42:30.434 [restartedMain] INFO  o.e.j.server.handler.ContextHandler - Started osbwej.JettyEmbeddedWebAppContext@7ae541c7{application,/,b=[file:/C:/Users/Administrator/AppData/Local/Temp/jetty-docbase.3429.17378100296747821958/, jar:file:///E:/maven/apache-maven-3.9.7/resp/org/webjars/swagger-ui/5.10.3/swagger-ui-5.10.3.jar!/META-INF/resources/],a=AVAILABLE,h=oeje10s.SessionHandler@4ef68351{STARTED}}
2026-01-14 10:42:30.435 [restartedMain] INFO  o.e.j.e.s.ServletContextHandler - Started osbwej.JettyEmbeddedWebAppContext@7ae541c7{application,/,b=[file:/C:/Users/Administrator/AppData/Local/Temp/jetty-docbase.3429.17378100296747821958/, jar:file:///E:/maven/apache-maven-3.9.7/resp/org/webjars/swagger-ui/5.10.3/swagger-ui-5.10.3.jar!/META-INF/resources/],a=AVAILABLE,h=oeje10s.SessionHandler@4ef68351{STARTED}}
2026-01-14 10:42:30.439 [restartedMain] INFO  org.eclipse.jetty.server.Server - Started oejs.Server@340b8deb{STARTING}[12.0.6,sto=0] @10022ms
2026-01-14 10:42:31.083 [restartedMain] INFO  com.zaxxer.hikari.HikariDataSource - ServerHikariCP - Starting...
2026-01-14 10:42:38.003 [restartedMain] INFO  com.zaxxer.hikari.pool.HikariPool - ServerHikariCP - Added connection com.mysql.cj.jdbc.ConnectionImpl@2e5c1e73
2026-01-14 10:42:38.005 [restartedMain] INFO  com.zaxxer.hikari.HikariDataSource - ServerHikariCP - Start completed.
2026-01-14 10:42:39.972 [restartedMain] INFO  o.s.b.d.a.OptionalLiveReloadServer - LiveReload server is running on port 35729
2026-01-14 10:42:40.060 [restartedMain] INFO  o.e.j.s.h.ContextHandler.application - Initializing Spring DispatcherServlet 'dispatcherServlet'
2026-01-14 10:42:40.061 [restartedMain] INFO  o.s.web.servlet.DispatcherServlet - Initializing Servlet 'dispatcherServlet'
2026-01-14 10:42:40.067 [restartedMain] INFO  o.s.web.servlet.DispatcherServlet - Completed initialization in 6 ms
2026-01-14 10:42:40.111 [restartedMain] INFO  o.e.jetty.server.AbstractConnector - Started ServerConnector@56d3575a{HTTP/1.1, (http/1.1)}{0.0.0.0:3429}
2026-01-14 10:42:40.164 [restartedMain] INFO  o.s.b.w.e.jetty.JettyWebServer - Jetty started on port 3429 (http/1.1) with context path '/'
2026-01-14 10:42:40.186 [restartedMain] INFO  com.ldz.park.ParkApplication - Started ParkApplication in 17.837 seconds (process running for 19.771)
2026-01-14 16:31:16.774 [SpringApplicationShutdownHook] INFO  o.e.jetty.server.AbstractConnector - Stopped ServerConnector@56d3575a{HTTP/1.1, (http/1.1)}{0.0.0.0:3429}
2026-01-14 16:31:17.064 [SpringApplicationShutdownHook] INFO  com.zaxxer.hikari.HikariDataSource - ServerHikariCP - Shutdown initiated...
2026-01-14 16:31:19.155 [SpringApplicationShutdownHook] INFO  com.zaxxer.hikari.HikariDataSource - ServerHikariCP - Shutdown completed.
2026-01-14 16:31:19.157 [SpringApplicationShutdownHook] INFO  org.eclipse.jetty.server.Server - Stopped oejs.Server@340b8deb{STOPPING}[12.0.6,sto=0]
2026-01-14 16:31:19.184 [SpringApplicationShutdownHook] INFO  o.e.j.s.h.ContextHandler.application - Destroying Spring FrameworkServlet 'dispatcherServlet'
2026-01-14 16:31:19.189 [SpringApplicationShutdownHook] INFO  o.e.j.e.s.ServletContextHandler - Stopped osbwej.JettyEmbeddedWebAppContext@7ae541c7{application,/,b=[file:/C:/Users/Administrator/AppData/Local/Temp/jetty-docbase.3429.17378100296747821958/, jar:file:///E:/maven/apache-maven-3.9.7/resp/org/webjars/swagger-ui/5.10.3/swagger-ui-5.10.3.jar!/META-INF/resources/],a=AVAILABLE,h=oeje10s.SessionHandler@4ef68351{STOPPED}}
2026-01-14 16:31:51.599 [background-preinit] INFO  o.h.validator.internal.util.Version - HV000001: Hibernate Validator 8.0.1.Final
2026-01-14 16:31:51.659 [restartedMain] INFO  com.ldz.park.ParkApplication - Starting ParkApplication using Java 21.0.2 with PID 13524 (G:\个人项目\2023年\park\target\classes started by Administrator in G:\个人项目\2023年\park)
2026-01-14 16:31:51.660 [restartedMain] INFO  com.ldz.park.ParkApplication - The following 1 profile is active: "dev"
2026-01-14 16:31:51.737 [restartedMain] INFO  o.s.b.d.e.DevToolsPropertyDefaultsPostProcessor - Devtools property defaults active! Set 'spring.devtools.add-properties' to 'false' to disable
2026-01-14 16:31:51.738 [restartedMain] INFO  o.s.b.d.e.DevToolsPropertyDefaultsPostProcessor - For additional web related logging consider setting the 'logging.level.web' property to 'DEBUG'
2026-01-14 16:31:53.989 [restartedMain] INFO  o.s.d.r.c.RepositoryConfigurationDelegate - Multiple Spring Data modules found, entering strict repository configuration mode
2026-01-14 16:31:53.993 [restartedMain] INFO  o.s.d.r.c.RepositoryConfigurationDelegate - Bootstrapping Spring Data Redis repositories in DEFAULT mode.
2026-01-14 16:31:54.066 [restartedMain] INFO  o.s.d.r.c.RepositoryConfigurationDelegate - Finished Spring Data repository scanning in 58 ms. Found 0 Redis repository interfaces.
2026-01-14 16:31:55.721 [restartedMain] INFO  o.s.b.w.e.j.JettyServletWebServerFactory - Server initialized with port: 3429
2026-01-14 16:31:55.735 [restartedMain] INFO  org.eclipse.jetty.server.Server - jetty-12.0.6; built: 2024-01-30T02:43:24.387Z; git: 78ab6e6ba163f89cdd97f2ae0283fbb5e371cfaf; jvm 21.0.2+13-LTS-58
2026-01-14 16:31:55.807 [restartedMain] INFO  o.e.j.s.h.ContextHandler.application - Initializing Spring embedded WebApplicationContext
2026-01-14 16:31:55.808 [restartedMain] INFO  o.s.b.w.s.c.ServletWebServerApplicationContext - Root WebApplicationContext: initialization completed in 4069 ms
2026-01-14 16:31:55.882 [restartedMain] INFO  o.e.j.s.DefaultSessionIdManager - Session workerName=node0
2026-01-14 16:31:55.892 [restartedMain] INFO  o.e.j.server.handler.ContextHandler - Started osbwej.JettyEmbeddedWebAppContext@7ae541c7{application,/,b=[file:/C:/Users/Administrator/AppData/Local/Temp/jetty-docbase.3429.9059936041413613101/, jar:file:///E:/maven/apache-maven-3.9.7/resp/org/webjars/swagger-ui/5.10.3/swagger-ui-5.10.3.jar!/META-INF/resources/],a=AVAILABLE,h=oeje10s.SessionHandler@4ef68351{STARTED}}
2026-01-14 16:31:55.894 [restartedMain] INFO  o.e.j.e.s.ServletContextHandler - Started osbwej.JettyEmbeddedWebAppContext@7ae541c7{application,/,b=[file:/C:/Users/Administrator/AppData/Local/Temp/jetty-docbase.3429.9059936041413613101/, jar:file:///E:/maven/apache-maven-3.9.7/resp/org/webjars/swagger-ui/5.10.3/swagger-ui-5.10.3.jar!/META-INF/resources/],a=AVAILABLE,h=oeje10s.SessionHandler@4ef68351{STARTED}}
2026-01-14 16:31:55.898 [restartedMain] INFO  org.eclipse.jetty.server.Server - Started oejs.Server@340b8deb{STARTING}[12.0.6,sto=0] @7008ms
2026-01-14 16:31:56.035 [restartedMain] INFO  com.zaxxer.hikari.HikariDataSource - ServerHikariCP - Starting...
2026-01-14 16:31:59.669 [restartedMain] INFO  com.zaxxer.hikari.pool.HikariPool - ServerHikariCP - Added connection com.mysql.cj.jdbc.ConnectionImpl@2e5c1e73
2026-01-14 16:31:59.671 [restartedMain] INFO  com.zaxxer.hikari.HikariDataSource - ServerHikariCP - Start completed.
2026-01-14 16:32:01.658 [restartedMain] INFO  o.s.b.d.a.OptionalLiveReloadServer - LiveReload server is running on port 35729
2026-01-14 16:32:01.694 [restartedMain] INFO  o.e.j.s.h.ContextHandler.application - Initializing Spring DispatcherServlet 'dispatcherServlet'
2026-01-14 16:32:01.695 [restartedMain] INFO  o.s.web.servlet.DispatcherServlet - Initializing Servlet 'dispatcherServlet'
2026-01-14 16:32:01.696 [restartedMain] INFO  o.s.web.servlet.DispatcherServlet - Completed initialization in 1 ms
2026-01-14 16:32:01.731 [restartedMain] INFO  o.e.jetty.server.AbstractConnector - Started ServerConnector@4d7dbf99{HTTP/1.1, (http/1.1)}{0.0.0.0:3429}
2026-01-14 16:32:01.734 [restartedMain] INFO  o.s.b.w.e.jetty.JettyWebServer - Jetty started on port 3429 (http/1.1) with context path '/'
2026-01-14 16:32:01.745 [restartedMain] INFO  com.ldz.park.ParkApplication - Started ParkApplication in 11.287 seconds (process running for 12.856)
2026-01-14 18:53:01.220 [SpringApplicationShutdownHook] INFO  o.e.jetty.server.AbstractConnector - Stopped ServerConnector@4d7dbf99{HTTP/1.1, (http/1.1)}{0.0.0.0:3429}
2026-01-14 18:53:01.509 [SpringApplicationShutdownHook] INFO  com.zaxxer.hikari.HikariDataSource - ServerHikariCP - Shutdown initiated...
2026-01-14 18:53:01.521 [SpringApplicationShutdownHook] INFO  com.zaxxer.hikari.HikariDataSource - ServerHikariCP - Shutdown completed.
2026-01-14 18:53:01.522 [SpringApplicationShutdownHook] INFO  org.eclipse.jetty.server.Server - Stopped oejs.Server@340b8deb{STOPPING}[12.0.6,sto=0]
2026-01-14 18:53:01.682 [SpringApplicationShutdownHook] INFO  o.e.j.s.h.ContextHandler.application - Destroying Spring FrameworkServlet 'dispatcherServlet'
2026-01-14 18:53:01.729 [SpringApplicationShutdownHook] INFO  o.e.j.e.s.ServletContextHandler - Stopped osbwej.JettyEmbeddedWebAppContext@7ae541c7{application,/,b=[file:/C:/Users/Administrator/AppData/Local/Temp/jetty-docbase.3429.9059936041413613101/, jar:file:///E:/maven/apache-maven-3.9.7/resp/org/webjars/swagger-ui/5.10.3/swagger-ui-5.10.3.jar!/META-INF/resources/],a=AVAILABLE,h=oeje10s.SessionHandler@4ef68351{STOPPED}}
2026-01-14 18:53:32.880 [background-preinit] INFO  o.h.validator.internal.util.Version - HV000001: Hibernate Validator 8.0.1.Final
2026-01-14 18:53:33.000 [restartedMain] INFO  com.ldz.park.ParkApplication - Starting ParkApplication using Java 21.0.2 with PID 18264 (G:\个人项目\2023年\park\target\classes started by Administrator in G:\个人项目\2023年\park)
2026-01-14 18:53:33.001 [restartedMain] INFO  com.ldz.park.ParkApplication - The following 1 profile is active: "dev"
2026-01-14 18:53:33.401 [restartedMain] INFO  o.s.b.d.e.DevToolsPropertyDefaultsPostProcessor - Devtools property defaults active! Set 'spring.devtools.add-properties' to 'false' to disable
2026-01-14 18:53:33.472 [restartedMain] INFO  o.s.b.d.e.DevToolsPropertyDefaultsPostProcessor - For additional web related logging consider setting the 'logging.level.web' property to 'DEBUG'
2026-01-14 18:53:37.679 [restartedMain] INFO  o.s.d.r.c.RepositoryConfigurationDelegate - Multiple Spring Data modules found, entering strict repository configuration mode
2026-01-14 18:53:37.683 [restartedMain] INFO  o.s.d.r.c.RepositoryConfigurationDelegate - Bootstrapping Spring Data Redis repositories in DEFAULT mode.
2026-01-14 18:53:37.822 [restartedMain] INFO  o.s.d.r.c.RepositoryConfigurationDelegate - Finished Spring Data repository scanning in 101 ms. Found 0 Redis repository interfaces.
2026-01-14 18:53:43.171 [restartedMain] INFO  o.s.b.w.e.j.JettyServletWebServerFactory - Server initialized with port: 3429
2026-01-14 18:53:43.176 [restartedMain] INFO  org.eclipse.jetty.server.Server - jetty-12.0.6; built: 2024-01-30T02:43:24.387Z; git: 78ab6e6ba163f89cdd97f2ae0283fbb5e371cfaf; jvm 21.0.2+13-LTS-58
2026-01-14 18:53:43.232 [restartedMain] INFO  o.e.j.s.h.ContextHandler.application - Initializing Spring embedded WebApplicationContext
2026-01-14 18:53:43.234 [restartedMain] INFO  o.s.b.w.s.c.ServletWebServerApplicationContext - Root WebApplicationContext: initialization completed in 9760 ms
2026-01-14 18:53:43.449 [restartedMain] INFO  o.e.j.s.DefaultSessionIdManager - Session workerName=node0
2026-01-14 18:53:43.548 [restartedMain] INFO  o.e.j.server.handler.ContextHandler - Started osbwej.JettyEmbeddedWebAppContext@46d9933c{application,/,b=[file:/C:/Users/Administrator/AppData/Local/Temp/jetty-docbase.3429.8188517018759687757/, jar:file:///E:/maven/apache-maven-3.9.7/resp/org/webjars/swagger-ui/5.10.3/swagger-ui-5.10.3.jar!/META-INF/resources/],a=AVAILABLE,h=oeje10s.SessionHandler@5d639a34{STARTED}}
2026-01-14 18:53:43.549 [restartedMain] INFO  o.e.j.e.s.ServletContextHandler - Started osbwej.JettyEmbeddedWebAppContext@46d9933c{application,/,b=[file:/C:/Users/Administrator/AppData/Local/Temp/jetty-docbase.3429.8188517018759687757/, jar:file:///E:/maven/apache-maven-3.9.7/resp/org/webjars/swagger-ui/5.10.3/swagger-ui-5.10.3.jar!/META-INF/resources/],a=AVAILABLE,h=oeje10s.SessionHandler@5d639a34{STARTED}}
2026-01-14 18:53:43.553 [restartedMain] INFO  org.eclipse.jetty.server.Server - Started oejs.Server@5116ad66{STARTING}[12.0.6,sto=0] @14659ms
2026-01-14 18:53:43.658 [restartedMain] INFO  com.zaxxer.hikari.HikariDataSource - ServerHikariCP - Starting...
2026-01-14 18:53:48.453 [restartedMain] INFO  com.zaxxer.hikari.pool.HikariPool - ServerHikariCP - Added connection com.mysql.cj.jdbc.ConnectionImpl@59d8b5ee
2026-01-14 18:53:48.455 [restartedMain] INFO  com.zaxxer.hikari.HikariDataSource - ServerHikariCP - Start completed.
2026-01-14 18:53:51.584 [restartedMain] INFO  o.s.b.d.a.OptionalLiveReloadServer - LiveReload server is running on port 35729
2026-01-14 18:53:51.640 [restartedMain] INFO  o.e.j.s.h.ContextHandler.application - Initializing Spring DispatcherServlet 'dispatcherServlet'
2026-01-14 18:53:51.640 [restartedMain] INFO  o.s.web.servlet.DispatcherServlet - Initializing Servlet 'dispatcherServlet'
2026-01-14 18:53:51.642 [restartedMain] INFO  o.s.web.servlet.DispatcherServlet - Completed initialization in 1 ms
2026-01-14 18:53:51.718 [restartedMain] INFO  o.e.jetty.server.AbstractConnector - Started ServerConnector@2e3005f7{HTTP/1.1, (http/1.1)}{0.0.0.0:3429}
2026-01-14 18:53:51.720 [restartedMain] INFO  o.s.b.w.e.jetty.JettyWebServer - Jetty started on port 3429 (http/1.1) with context path '/'
2026-01-14 18:53:51.734 [restartedMain] INFO  com.ldz.park.ParkApplication - Started ParkApplication in 20.212 seconds (process running for 22.84)
2026-01-14 18:56:23.836 [SpringApplicationShutdownHook] INFO  o.e.jetty.server.AbstractConnector - Stopped ServerConnector@2e3005f7{HTTP/1.1, (http/1.1)}{0.0.0.0:3429}
2026-01-14 18:56:23.860 [SpringApplicationShutdownHook] INFO  com.zaxxer.hikari.HikariDataSource - ServerHikariCP - Shutdown initiated...
2026-01-14 18:56:23.863 [SpringApplicationShutdownHook] INFO  com.zaxxer.hikari.HikariDataSource - ServerHikariCP - Shutdown completed.
2026-01-14 18:56:23.865 [SpringApplicationShutdownHook] INFO  org.eclipse.jetty.server.Server - Stopped oejs.Server@5116ad66{STOPPING}[12.0.6,sto=0]
2026-01-14 18:56:23.870 [SpringApplicationShutdownHook] INFO  o.e.j.s.h.ContextHandler.application - Destroying Spring FrameworkServlet 'dispatcherServlet'
2026-01-14 18:56:23.872 [SpringApplicationShutdownHook] INFO  o.e.j.e.s.ServletContextHandler - Stopped osbwej.JettyEmbeddedWebAppContext@46d9933c{application,/,b=[file:/C:/Users/Administrator/AppData/Local/Temp/jetty-docbase.3429.8188517018759687757/, jar:file:///E:/maven/apache-maven-3.9.7/resp/org/webjars/swagger-ui/5.10.3/swagger-ui-5.10.3.jar!/META-INF/resources/],a=AVAILABLE,h=oeje10s.SessionHandler@5d639a34{STOPPED}}
2026-01-14 18:56:35.042 [background-preinit] INFO  o.h.validator.internal.util.Version - HV000001: Hibernate Validator 8.0.1.Final
2026-01-14 18:56:35.075 [restartedMain] INFO  com.ldz.park.ParkApplication - Starting ParkApplication using Java 21.0.2 with PID 16768 (G:\个人项目\2023年\park\target\classes started by Administrator in G:\个人项目\2023年\park)
2026-01-14 18:56:35.076 [restartedMain] INFO  com.ldz.park.ParkApplication - The following 1 profile is active: "dev"
2026-01-14 18:56:35.161 [restartedMain] INFO  o.s.b.d.e.DevToolsPropertyDefaultsPostProcessor - Devtools property defaults active! Set 'spring.devtools.add-properties' to 'false' to disable
2026-01-14 18:56:35.162 [restartedMain] INFO  o.s.b.d.e.DevToolsPropertyDefaultsPostProcessor - For additional web related logging consider setting the 'logging.level.web' property to 'DEBUG'
2026-01-14 18:56:37.373 [restartedMain] INFO  o.s.d.r.c.RepositoryConfigurationDelegate - Multiple Spring Data modules found, entering strict repository configuration mode
2026-01-14 18:56:37.376 [restartedMain] INFO  o.s.d.r.c.RepositoryConfigurationDelegate - Bootstrapping Spring Data Redis repositories in DEFAULT mode.
2026-01-14 18:56:37.419 [restartedMain] INFO  o.s.d.r.c.RepositoryConfigurationDelegate - Finished Spring Data repository scanning in 25 ms. Found 0 Redis repository interfaces.
2026-01-14 18:56:39.172 [restartedMain] INFO  o.s.b.w.e.j.JettyServletWebServerFactory - Server initialized with port: 3429
2026-01-14 18:56:39.188 [restartedMain] INFO  org.eclipse.jetty.server.Server - jetty-12.0.6; built: 2024-01-30T02:43:24.387Z; git: 78ab6e6ba163f89cdd97f2ae0283fbb5e371cfaf; jvm 21.0.2+13-LTS-58
2026-01-14 18:56:39.681 [restartedMain] INFO  o.e.j.s.h.ContextHandler.application - Initializing Spring embedded WebApplicationContext
2026-01-14 18:56:39.682 [restartedMain] INFO  o.s.b.w.s.c.ServletWebServerApplicationContext - Root WebApplicationContext: initialization completed in 4519 ms
2026-01-14 18:56:40.701 [restartedMain] INFO  o.e.j.s.DefaultSessionIdManager - Session workerName=node0
2026-01-14 18:56:40.716 [restartedMain] INFO  o.e.j.server.handler.ContextHandler - Started osbwej.JettyEmbeddedWebAppContext@b04f85e{application,/,b=[file:/C:/Users/Administrator/AppData/Local/Temp/jetty-docbase.3429.9384594804564269864/, jar:file:///E:/maven/apache-maven-3.9.7/resp/org/webjars/swagger-ui/5.10.3/swagger-ui-5.10.3.jar!/META-INF/resources/],a=AVAILABLE,h=oeje10s.SessionHandler@2a7fafec{STARTED}}
2026-01-14 18:56:40.716 [restartedMain] INFO  o.e.j.e.s.ServletContextHandler - Started osbwej.JettyEmbeddedWebAppContext@b04f85e{application,/,b=[file:/C:/Users/Administrator/AppData/Local/Temp/jetty-docbase.3429.9384594804564269864/, jar:file:///E:/maven/apache-maven-3.9.7/resp/org/webjars/swagger-ui/5.10.3/swagger-ui-5.10.3.jar!/META-INF/resources/],a=AVAILABLE,h=oeje10s.SessionHandler@2a7fafec{STARTED}}
2026-01-14 18:56:40.720 [restartedMain] INFO  org.eclipse.jetty.server.Server - Started oejs.Server@491b24db{STARTING}[12.0.6,sto=0] @7357ms
2026-01-14 18:56:40.802 [restartedMain] INFO  com.zaxxer.hikari.HikariDataSource - ServerHikariCP - Starting...
2026-01-14 18:56:52.327 [restartedMain] INFO  com.zaxxer.hikari.pool.HikariPool - ServerHikariCP - Added connection com.mysql.cj.jdbc.ConnectionImpl@670e1909
2026-01-14 18:56:52.330 [restartedMain] INFO  com.zaxxer.hikari.HikariDataSource - ServerHikariCP - Start completed.
2026-01-14 18:56:55.965 [restartedMain] INFO  o.s.b.d.a.OptionalLiveReloadServer - LiveReload server is running on port 35729
2026-01-14 18:56:55.997 [restartedMain] INFO  o.e.j.s.h.ContextHandler.application - Initializing Spring DispatcherServlet 'dispatcherServlet'
2026-01-14 18:56:55.998 [restartedMain] INFO  o.s.web.servlet.DispatcherServlet - Initializing Servlet 'dispatcherServlet'
2026-01-14 18:56:56.004 [restartedMain] INFO  o.s.web.servlet.DispatcherServlet - Completed initialization in 5 ms
2026-01-14 18:56:56.083 [restartedMain] INFO  o.e.jetty.server.AbstractConnector - Started ServerConnector@43389d10{HTTP/1.1, (http/1.1)}{0.0.0.0:3429}
2026-01-14 18:56:56.085 [restartedMain] INFO  o.s.b.w.e.jetty.JettyWebServer - Jetty started on port 3429 (http/1.1) with context path '/'
2026-01-14 18:56:56.118 [restartedMain] INFO  com.ldz.park.ParkApplication - Started ParkApplication in 21.835 seconds (process running for 22.756)
